ARM Linker, 5.03 [Build 76] [MDK-ARM Standard]

==============================================================================

Section Cross References

    startup_stm32f10x_hd.o(RESET) refers to startup_stm32f10x_hd.o(STACK) for __initial_sp
    startup_stm32f10x_hd.o(RESET) refers to startup_stm32f10x_hd.o(.text) for Reset_Handler
    startup_stm32f10x_hd.o(RESET) refers to stm32f10x_it.o(.text) for NMI_Handler
    startup_stm32f10x_hd.o(.text) refers to system_stm32f10x.o(.text) for SystemInit
    startup_stm32f10x_hd.o(.text) refers to entry.o(.ARM.Collect$$$$00000000) for __main
    system_stm32f10x.o(.text) refers to system_stm32f10x.o(.data) for SystemCoreClock
    stm32f10x_adc.o(.text) refers to stm32f10x_rcc.o(.text) for RCC_APB2PeriphResetCmd
    stm32f10x_bkp.o(.text) refers to stm32f10x_rcc.o(.text) for RCC_BackupResetCmd
    stm32f10x_can.o(.text) refers to stm32f10x_rcc.o(.text) for RCC_APB1PeriphResetCmd
    stm32f10x_cec.o(.text) refers to stm32f10x_rcc.o(.text) for RCC_APB1PeriphResetCmd
    stm32f10x_dac.o(.text) refers to stm32f10x_rcc.o(.text) for RCC_APB1PeriphResetCmd
    stm32f10x_gpio.o(.text) refers to stm32f10x_rcc.o(.text) for RCC_APB2PeriphResetCmd
    stm32f10x_i2c.o(.text) refers to stm32f10x_rcc.o(.text) for RCC_APB1PeriphResetCmd
    stm32f10x_pwr.o(.text) refers to stm32f10x_rcc.o(.text) for RCC_APB1PeriphResetCmd
    stm32f10x_rcc.o(.text) refers to stm32f10x_rcc.o(.data) for APBAHBPrescTable
    stm32f10x_spi.o(.text) refers to stm32f10x_rcc.o(.text) for RCC_APB2PeriphResetCmd
    stm32f10x_tim.o(.text) refers to stm32f10x_rcc.o(.text) for RCC_APB2PeriphResetCmd
    stm32f10x_usart.o(.text) refers to stm32f10x_rcc.o(.text) for RCC_APB2PeriphResetCmd
    stm32f10x_wwdg.o(.text) refers to stm32f10x_rcc.o(.text) for RCC_APB1PeriphResetCmd
    main.o(.text) refers to bsp_usart1.o(.text) for USART1_Config
    main.o(.text) refers to bsp_led.o(.text) for LED_GPIO_Config
    main.o(.text) refers to bsp_timbase.o(.text) for TIM2_Configuration
    main.o(.text) refers to printfa.o(i.__0printf) for __2printf
    main.o(.text) refers to bsp_exti.o(.text) for EXTI_PA0_Config
    main.o(.text) refers to bsp_spi_adis.o(.text) for SPI_FLASH_Init
    main.o(.text) refers to ahrs_attitude.o(.text) for gyro_calibration
    main.o(.text) refers to stm32f10x_rcc.o(.text) for RCC_APB1PeriphClockCmd
    main.o(.text) refers to stm32f10x_gpio.o(.text) for GPIO_ResetBits
    main.o(.text) refers to stm32f10x_tim.o(.text) for TIM_Cmd
    main.o(.text) refers to f2d.o(.text) for __aeabi_f2d
    main.o(.text) refers to main.o(.data) for DeviceID
    main.o(.text) refers to stm32f10x_it.o(.data) for SystemInitReady
    main.o(.text) refers to ahrs_attitude.o(.data) for q3
    main.o(.text) refers to main.o(.constdata) for .constdata
    stm32f10x_it.o(.text) refers to stm32f10x_exti.o(.text) for EXTI_GetITStatus
    stm32f10x_it.o(.text) refers to stm32f10x_tim.o(.text) for TIM_GetITStatus
    stm32f10x_it.o(.text) refers to bsp_timbase.o(.data) for TimeDelay
    stm32f10x_it.o(.text) refers to main.o(.data) for KEYDOWN
    stm32f10x_it.o(.text) refers to stm32f10x_it.o(.data) for SystemInitReady
    bsp_usart1.o(.text) refers to stm32f10x_rcc.o(.text) for RCC_APB2PeriphClockCmd
    bsp_usart1.o(.text) refers to stm32f10x_gpio.o(.text) for GPIO_Init
    bsp_usart1.o(.text) refers to stm32f10x_usart.o(.text) for USART_Init
    bsp_usart1.o(.text) refers to stm32f10x_dma.o(.text) for DMA_Init
    bsp_usart1.o(.text) refers to bsp_usart1.o(.bss) for SendBuff
    bsp_spi_adis.o(.text) refers to stm32f10x_rcc.o(.text) for RCC_APB2PeriphClockCmd
    bsp_spi_adis.o(.text) refers to stm32f10x_gpio.o(.text) for GPIO_Init
    bsp_spi_adis.o(.text) refers to stm32f10x_spi.o(.text) for SPI_Init
    bsp_spi_adis.o(.text) refers to dflti.o(.text) for __aeabi_i2d
    bsp_spi_adis.o(.text) refers to ddiv.o(.text) for __aeabi_ddiv
    bsp_spi_adis.o(.text) refers to d2f.o(.text) for __aeabi_d2f
    bsp_spi_adis.o(.text) refers to dmul.o(.text) for __aeabi_dmul
    bsp_spi_adis.o(.text) refers to bsp_spi_adis.o(.bss) for DeltAng
    bsp_spi_adis.o(.text) refers to bsp_spi_adis.o(.data) for Magn
    bsp_exti.o(.text) refers to misc.o(.text) for NVIC_PriorityGroupConfig
    bsp_exti.o(.text) refers to stm32f10x_rcc.o(.text) for RCC_APB2PeriphClockCmd
    bsp_exti.o(.text) refers to stm32f10x_gpio.o(.text) for GPIO_Init
    bsp_exti.o(.text) refers to stm32f10x_exti.o(.text) for EXTI_Init
    bsp_led.o(.text) refers to stm32f10x_rcc.o(.text) for RCC_APB2PeriphClockCmd
    bsp_led.o(.text) refers to stm32f10x_gpio.o(.text) for GPIO_Init
    bsp_timbase.o(.text) refers to misc.o(.text) for SysTick_CLKSourceConfig
    bsp_timbase.o(.text) refers to stm32f10x_rcc.o(.text) for RCC_APB1PeriphClockCmd
    bsp_timbase.o(.text) refers to stm32f10x_tim.o(.text) for TIM_TimeBaseInit
    bsp_timbase.o(.text) refers to system_stm32f10x.o(.data) for SystemCoreClock
[...]
    errno.o(i.__read_errno) refers to errno.o(.data) for .data
    errno.o(i.__set_errno) refers to errno.o(.data) for .data
    fsqrt.o(.text) refers to fepilogue.o(.text) for _float_round
    depilogue.o(.text) refers to llshl.o(.text) for __aeabi_llsl
    depilogue.o(.text) refers to llushr.o(.text) for __aeabi_llsr
    dsqrt.o(.text) refers to llushr.o(.text) for __aeabi_llsr
    dsqrt.o(.text) refers to depilogue.o(.text) for _double_round
    dfixul.o(.text) refers to llushr.o(.text) for __aeabi_llsr
    dfixul.o(.text) refers to llshl.o(.text) for __aeabi_llsl
    init.o(.text) refers to entry5.o(.ARM.Collect$$$$00000004) for __main_after_scatterload
    dfltui.o(.text) refers to depilogue.o(.text) for _double_epilogue
    dfixi.o(.text) refers to llushr.o(.text) for __aeabi_llsr


==============================================================================

Removing Unused input sections from the image.

    Removing startup_stm32f10x_hd.o(HEAP), (512 bytes).
    Removing core_cm3.o(.emb_text), (32 bytes).
    Removing stm32f10x_adc.o(.text), (1102 bytes).
    Removing stm32f10x_bkp.o(.text), (196 bytes).
    Removing stm32f10x_can.o(.text), (2540 bytes).
    Removing stm32f10x_cec.o(.text), (288 bytes).
    Removing stm32f10x_crc.o(.text), (72 bytes).
    Removing stm32f10x_dac.o(.text), (396 bytes).
    Removing stm32f10x_dbgmcu.o(.text), (48 bytes).
    Removing stm32f10x_flash.o(.text), (1468 bytes).
    Removing stm32f10x_fsmc.o(.text), (1560 bytes).
    Removing stm32f10x_i2c.o(.text), (1028 bytes).
    Removing stm32f10x_iwdg.o(.text), (64 bytes).
    Removing stm32f10x_pwr.o(.text), (204 bytes).
    Removing stm32f10x_rtc.o(.text), (324 bytes).
    Removing stm32f10x_sdio.o(.text), (472 bytes).
    Removing stm32f10x_wwdg.o(.text), (136 bytes).
    Removing cdcmple.o(.text), (40 bytes).

18 unused section(s) (total 10482 bytes) removed from the image.

==============================================================================

Image Symbol Table

    Local Symbols

    Symbol Name                              Value     Ov Type        Size  Object(Section)

    ../clib/microlib/division.c              0x00000000   Number         0  uidiv.o ABSOLUTE
    ../clib/microlib/division.c              0x00000000   Number         0  uldiv.o ABSOLUTE
    ../clib/microlib/errno.c                 0x00000000   Number         0  errno.o ABSOLUTE
    ../clib/microlib/init/entry.s            0x00000000   Number         0  entry11a.o ABSOLUTE
    ../clib/microlib/init/entry.s            0x00000000   Number         0  entry10b.o ABSOLUTE
    ../clib/microlib/init/entry.s            0x00000000   Number         0  entry10a.o ABSOLUTE
    ../clib/microlib/init/entry.s            0x00000000   Number         0  entry.o ABSOLUTE
    ../clib/microlib/init/entry.s            0x00000000   Number         0  entry9b.o ABSOLUTE
    ../clib/microlib/init/entry.s            0x00000000   Number         0  entry9a.o ABSOLUTE
    ../clib/microlib/init/entry.s            0x00000000   Number         0  entry8b.o ABSOLUTE
    ../clib/microlib/init/entry.s            0x00000000   Number         0  entry8a.o ABSOLUTE
    ../clib/microlib/init/entry.s            0x00000000   Number         0  entry7b.o ABSOLUTE
    ../clib/microlib/init/entry.s            0x00000000   Number         0  entry7a.o ABSOLUTE
    ../clib/microlib/init/entry.s            0x00000000   Number         0  entry5.o ABSOLUTE
    ../clib/microlib/init/entry.s            0x00000000   Number         0  entry11b.o ABSOLUTE
    ../clib/microlib/init/entry.s            0x00000000   Number         0  entry2.o ABSOLUTE
    ../clib/microlib/longlong.c              0x00000000   Number         0  llushr.o ABSOLUTE
    ../clib/microlib/longlong.c              0x00000000   Number         0  llsshr.o ABSOLUTE
    ../clib/microlib/longlong.c              0x00000000   Number         0  llshl.o ABSOLUTE
    ../clib/microlib/printf/printf.c         0x00000000   Number         0  printf6.o ABSOLUTE
    ../clib/microlib/printf/printf.c         0x00000000   Number         0  printfa.o ABSOLUTE
    ../clib/microlib/printf/printf.c         0x00000000   Number         0  printf8.o ABSOLUTE
    ../clib/microlib/printf/printf.c         0x00000000   Number         0  printf7.o ABSOLUTE
    ../clib/microlib/printf/printf.c         0x00000000   Number         0  printf5.o ABSOLUTE
    ../clib/microlib/printf/printf.c         0x00000000   Number         0  printf4.o ABSOLUTE
    ../clib/microlib/printf/printf.c         0x00000000   Number         0  printfb.o ABSOLUTE
    ../clib/microlib/printf/printf.c         0x00000000   Number         0  printf0.o ABSOLUTE
    ../clib/microlib/printf/printf.c         0x00000000   Number         0  printf1.o ABSOLUTE
    ../clib/microlib/printf/printf.c         0x00000000   Number         0  printf2.o ABSOLUTE
    ../clib/microlib/printf/printf.c         0x00000000   Number         0  printf3.o ABSOLUTE
    ../clib/microlib/printf/stubs.s          0x00000000   Number         0  stubs.o ABSOLUTE
    ../clib/microlib/stdio/streams.c         0x00000000   Number         0  stdout.o ABSOLUTE
    ../clib/microlib/stubs.s                 0x00000000   Number         0  iusefp.o ABSOLUTE
    ../fplib/microlib/d2f.c                  0x00000000   Number         0  d2f.o ABSOLUTE
    ../fplib/microlib/f2d.c                  0x00000000   Number         0  f2d.o ABSOLUTE
    ../fplib/microlib/fpadd.c                0x00000000   Number         0  dadd.o ABSOLUTE
    ../fplib/microlib/fpadd.c                0x00000000   Number         0  fadd.o ABSOLUTE
    ../fplib/microlib/fpdiv.c                0x00000000   Number         0  ddiv.o ABSOLUTE
    ../fplib/microlib/fpdiv.c                0x00000000   Number         0  fdiv.o ABSOLUTE
    ../fplib/microlib/fpepilogue.c           0x00000000   Number         0  fepilogue.o ABSOLUTE
    ../fplib/microlib/fpepilogue.c           0x00000000   Number         0  depilogue.o ABSOLUTE
    ../fplib/microlib/fpfix.c                0x00000000   Number         0  dfixul.o ABSOLUTE
    ../fplib/microlib/fpfix.c                0x00000000   Number         0  dfixi.o ABSOLUTE
    ../fplib/microlib/fpflt.c                0x00000000   Number         0  dflti.o ABSOLUTE
    ../fplib/microlib/fpflt.c                0x00000000   Number         0  ffltui.o ABSOLUTE
    ../fplib/microlib/fpflt.c                0x00000000   Number         0  dfltui.o ABSOLUTE
    ../fplib/microlib/fpmul.c                0x00000000   Number         0  fmul.o ABSOLUTE
    ../fplib/microlib/fpmul.c                0x00000000   Number         0  dmul.o ABSOLUTE
    ../fplib/microlib/fpscalb.c              0x00000000   Number         0  dscalb.o ABSOLUTE
    ../fplib/microlib/fpsqrt.c               0x00000000   Number         0  dsqrt.o ABSOLUTE
    ../fplib/microlib/fpsqrt.c               0x00000000   Number         0  fsqrt.o ABSOLUTE
    ../mathlib/asin.c                        0x00000000   Number         0  asin_x.o ABSOLUTE
    ../mathlib/asin.c                        0x00000000   Number         0  asin.o ABSOLUTE
    ../mathlib/atan.c                        0x00000000   Number         0  atan.o ABSOLUTE
    ../mathlib/atan.c                        0x00000000   Number         0  atan_x.o ABSOLUTE
    ../mathlib/atan2.c                       0x00000000   Number         0  atan2.o ABSOLUTE
    ../mathlib/atan2.c                       0x00000000   Number         0  atan2_x.o ABSOLUTE
    ../mathlib/cos.c                         0x00000000   Number         0  cos_x.o ABSOLUTE
    ../mathlib/cos.c                         0x00000000   Number         0  cos.o ABSOLUTE
    ../mathlib/cos_i.c                       0x00000000   Number         0  cos_i.o ABSOLUTE
    ../mathlib/dunder.c                      0x00000000   Number         0  dunder.o ABSOLUTE
    ../mathlib/fpclassify.c                  0x00000000   Number         0  fpclassify.o ABSOLUTE
    ../mathlib/poly.c                        0x00000000   Number         0  poly.o ABSOLUTE
    ../mathlib/qnan.c                        0x00000000   Number         0  qnan.o ABSOLUTE
    ../mathlib/rred.c                        0x00000000   Number         0  rred.o ABSOLUTE
    ../mathlib/sin.c                         0x00000000   Number         0  sin_x.o ABSOLUTE
    ../mathlib/sin.c                         0x00000000   Number         0  sin.o ABSOLUTE
    ../mathlib/sin_i.c                       0x00000000   Number         0  sin_i_x.o ABSOLUTE
    ../mathlib/sin_i.c                       0x00000000   Number         0  sin_i.o ABSOLUTE
    ../mathlib/sqrt.c                        0x00000000   Number         0  sqrt.o ABSOLUTE
    ../mathlib/sqrt.c                        0x00000000   Number         0  sqrt_x.o ABSOLUTE
    ../mathlib/sqrtf.c                       0x00000000   Number         0  sqrtf.o ABSOLUTE
    ../mathlib/sqrtf.c                       0x00000000   Number         0  sqrtf_x.o ABSOLUTE
    ..\..\Libraries\CMSIS\core_cm3.c         0x00000000   Number         0  core_cm3.o ABSOLUTE
    ..\..\Libraries\CMSIS\startup\startup_stm32f10x_hd.s 0x00000000   Number         0  startup_stm32f10x_hd.o ABSOLUTE
    ..\..\Libraries\CMSIS\system_stm32f10x.c 0x00000000   Number         0  system_stm32f10x.o ABSOLUTE
    ..\..\Libraries\FWlib\src\misc.c         0x00000000   Number         0  misc.o ABSOLUTE
    ..\..\Libraries\FWlib\src\stm32f10x_adc.c 0x00000000   Number         0  stm32f10x_adc.o ABSOLUTE
    ..\..\Libraries\FWlib\src\stm32f10x_bkp.c 0x00000000   Number         0  stm32f10x_bkp.o ABSOLUTE
    ..\..\Libraries\FWlib\src\stm32f10x_can.c 0x00000000   Number         0  stm32f10x_can.o ABSOLUTE
    ..\..\Libraries\FWlib\src\stm32f10x_cec.c 0x00000000   Number         0  stm32f10x_cec.o ABSOLUTE
    ..\..\Libraries\FWlib\src\stm32f10x_crc.c 0x00000000   Number         0  stm32f10x_crc.o ABSOLUTE
    ..\..\Libraries\FWlib\src\stm32f10x_dac.c 0x00000000   Number         0  stm32f10x_dac.o ABSOLUTE
    ..\..\Libraries\FWlib\src\stm32f10x_dbgmcu.c 0x00000000   Number         0  stm32f10x_dbgmcu.o ABSOLUTE
    ..\..\Libraries\FWlib\src\stm32f10x_dma.c 0x00000000   Number         0  stm32f10x_dma.o ABSOLUTE
    ..\..\Libraries\FWlib\src\stm32f10x_exti.c 0x00000000   Number         0  stm32f10x_exti.o ABSOLUTE
    ..\..\Libraries\FWlib\src\stm32f10x_flash.c 0x00000000   Number         0  stm32f10x_flash.o ABSOLUTE
    ..\..\Libraries\FWlib\src\stm32f10x_fsmc.c 0x00000000   Number         0  stm32f10x_fsmc.o ABSOLUTE
    ..\..\Libraries\FWlib\src\stm32f10x_gpio.c 0x00000000   Number         0  stm32f10x_gpio.o ABSOLUTE
    ..\..\Libraries\FWlib\src\stm32f10x_i2c.c 0x00000000   Number         0  stm32f10x_i2c.o ABSOLUTE
    ..\..\Libraries\FWlib\src\stm32f10x_iwdg.c 0x00000000   Number         0  stm32f10x_iwdg.o ABSOLUTE
    ..\..\Libraries\FWlib\src\stm32f10x_pwr.c 0x00000000   Number         0  stm32f10x_pwr.o ABSOLUTE
    ..\..\Libraries\FWlib\src\stm32f10x_rcc.c 0x00000000   Number         0  stm32f10x_rcc.o ABSOLUTE
    ..\..\Libraries\FWlib\src\stm32f10x_rtc.c 0x00000000   Number         0  stm32f10x_rtc.o ABSOLUTE
    ..\..\Libraries\FWlib\src\stm32f10x_sdio.c 0x00000000   Number         0  stm32f10x_sdio.o ABSOLUTE
    ..\..\Libraries\FWlib\src\stm32f10x_spi.c 0x00000000   Number         0  stm32f10x_spi.o ABSOLUTE
    ..\..\Libraries\FWlib\src\stm32f10x_tim.c 0x00000000   Number         0  stm32f10x_tim.o ABSOLUTE
    ..\..\Libraries\FWlib\src\stm32f10x_usart.c 0x00000000   Number         0  stm32f10x_usart.o ABSOLUTE
    ..\..\Libraries\FWlib\src\stm32f10x_wwdg.c 0x00000000   Number         0  stm32f10x_wwdg.o ABSOLUTE
    ..\..\User\AHRS\AHRS_Attitude.c          0x00000000   Number         0  ahrs_attitude.o ABSOLUTE
    ..\..\User\AHRS\Kalman.c                 0x00000000   Number         0  kalman.o ABSOLUTE
    ..\..\User\Led\bsp_led.c                 0x00000000   Number         0  bsp_led.o ABSOLUTE
    ..\..\User\TimBase\bsp_TiMbase.c         0x00000000   Number         0  bsp_timbase.o ABSOLUTE
    ..\..\User\main.c                        0x00000000   Number         0  main.o ABSOLUTE
    ..\..\User\spi\bsp_exti.c                0x00000000   Number         0  bsp_exti.o ABSOLUTE
    ..\..\User\spi\bsp_spi_adis.c            0x00000000   Number         0  bsp_spi_adis.o ABSOLUTE
    ..\..\User\stm32f10x_it.c                0x00000000   Number         0  stm32f10x_it.o ABSOLUTE
    ..\..\User\usart\bsp_usart1.c            0x00000000   Number         0  bsp_usart1.o ABSOLUTE
    ..\\..\\Libraries\\CMSIS\\core_cm3.c     0x00000000   Number         0  core_cm3.o ABSOLUTE
    cdcmple.s                                0x00000000   Number         0  cdcmple.o ABSOLUTE
    cdrcmple.s                               0x00000000   Number         0  cdrcmple.o ABSOLUTE
    cfcmple.s                                0x00000000   Number         0  cfcmple.o ABSOLUTE
    cfrcmple.s                               0x00000000   Number         0  cfrcmple.o ABSOLUTE
    dc.s                                     0x00000000   Number         0  dc.o ABSOLUTE
    handlers.s                               0x00000000   Number         0  handlers.o ABSOLUTE
    init.s                                   0x00000000   Number         0  init.o ABSOLUTE
    RESET                                    0x08000000   Section      304  startup_stm32f10x_hd.o(RESET)
    .ARM.Collect$$$$00000000                 0x08000130   Section        0  entry.o(.ARM.Collect$$$$00000000)
    .ARM.Collect$$$$00000001                 0x08000130   Section        4  entry2.o(.ARM.Collect$$$$00000001)
    .ARM.Collect$$$$00000004                 0x08000134   Section        4  entry5.o(.ARM.Collect$$$$00000004)
    .ARM.Collect$$$$00000008                 0x08000138   Section        0  entry7b.o(.ARM.Collect$$$$00000008)
    .ARM.Collect$$$$0000000A                 0x08000138   Section        0  entry8b.o(.ARM.Collect$$$$0000000A)
    .ARM.Collect$$$$0000000B                 0x08000138   Section        8  entry9a.o(.ARM.Collect$$$$0000000B)
    .ARM.Collect$$$$0000000D                 0x08000140   Section        0  entry10a.o(.ARM.Collect$$$$0000000D)
    .ARM.Collect$$$$0000000F                 0x08000140   Section        0  entry11a.o(.ARM.Collect$$$$0000000F)
    .ARM.Collect$$$$00002712                 0x08000140   Section        4  entry2.o(.ARM.Collect$$$$00002712)
    __lit__00000000                          0x08000140   Data           4  entry2.o(.ARM.Collect$$$$00002712)
    .text                                    0x08000144   Section       36  startup_stm32f10x_hd.o(.text)
    .text                                    0x08000168   Section        0  system_stm32f10x.o(.text)
    SetSysClockTo72                          0x08000169   Thumb Code   212  system_stm32f10x.o(.text)
    SetSysClock                              0x0800023d   Thumb Code     8  system_stm32f10x.o(.text)
    .text                                    0x08000344   Section        0  misc.o(.text)
    .text                                    0x08000420   Section        0  stm32f10x_dma.o(.text)
    .text                                    0x08000670   Section        0  stm32f10x_exti.o(.text)
    .text                                    0x0800078c   Section        0  stm32f10x_gpio.o(.text)
    .text                                    0x08000ae4   Section        0  stm32f10x_rcc.o(.text)
    .text                                    0x08000e88   Section        0  stm32f10x_spi.o(.text)
    .text                                    0x08001194   Section        0  stm32f10x_tim.o(.text)
    TI4_Config                               0x0800163b   Thumb Code   130  stm32f10x_tim.o(.text)
    TI3_Config                               0x080016cf   Thumb Code   122  stm32f10x_tim.o(.text)
    TI2_Config                               0x08001763   Thumb Code   130  stm32f10x_tim.o(.text)
    TI1_Config                               0x080017f7   Thumb Code   108  stm32f10x_tim.o(.text)
    .text                                    0x08001fb0   Section        0  stm32f10x_usart.o(.text)
    .text                                    0x080023b8   Section        0  main.o(.text)
    .text                                    0x080025d4   Section        0  stm32f10x_it.o(.text)
    .text                                    0x080026a0   Section        0  bsp_usart1.o(.text)
    .text                                    0x080027ac   Section        0  bsp_spi_adis.o(.text)
    .text                                    0x08002e28   Section        0  bsp_exti.o(.text)
    NVIC_Configuration                       0x08002e29   Thumb Code    40  bsp_exti.o(.text)
    .text                                    0x08002ee8   Section        0  bsp_led.o(.text)
    .text                                    0x08002f2c   Section        0  bsp_timbase.o(.text)
    .text                                    0x080030cc   Section        0  ahrs_attitude.o(.text)
    .text                                    0x08005da8   Section        0  fadd.o(.text)
    .text                                    0x08005e58   Section        0  fmul.o(.text)
    .text                                    0x08005ec4   Section        0  fdiv.o(.text)
    .text                                    0x08005f44   Section        0  dadd.o(.text)
    .text                                    0x08006092   Section        0  dmul.o(.text)
    .text                                    0x08006176   Section        0  ddiv.o(.text)
    .text                                    0x08006254   Section        0  ffltui.o(.text)
    .text                                    0x0800625e   Section        0  dflti.o(.text)
    .text                                    0x08006280   Section        0  f2d.o(.text)
    .text                                    0x080062a6   Section        0  d2f.o(.text)
    .text                                    0x080062e0   Section       20  cfcmple.o(.text)
    .text                                    0x080062f4   Section       20  cfrcmple.o(.text)
    .text                                    0x08006308   Section        0  uidiv.o(.text)
    .text                                    0x08006334   Section        0  uldiv.o(.text)
    .text                                    0x08006396   Section        0  llshl.o(.text)
    .text                                    0x080063b4   Section        0  llsshr.o(.text)
    .text                                    0x080063d8   Section        0  iusefp.o(.text)
    .text                                    0x080063d8   Section        0  fepilogue.o(.text)
    .text                                    0x08006444   Section        0  fsqrt.o(.text)
    .text                                    0x080064a2   Section        0  depilogue.o(.text)
    .text                                    0x08006560   Section        0  dscalb.o(.text)
    .text                                    0x0800658e   Section        0  dsqrt.o(.text)
    .text                                    0x08006630   Section        0  dfixul.o(.text)
    .text                                    0x08006660   Section       40  cdrcmple.o(.text)
    .text                                    0x08006688   Section       36  init.o(.text)
    .text                                    0x080066ac   Section        0  llushr.o(.text)
    .text                                    0x080066cc   Section        0  dfltui.o(.text)
    .text                                    0x080066e6   Section        0  dfixi.o(.text)
    i.__0printf                              0x08006724   Section        0  printfa.o(i.__0printf)
    i.__ARM_fpclassify                       0x08006744   Section        0  fpclassify.o(i.__ARM_fpclassify)
    i.__ieee754_rem_pio2                     0x0800676c   Section        0  rred.o(i.__ieee754_rem_pio2)
    i.__kernel_cos                           0x08006af4   Section        0  cos_i.o(i.__kernel_cos)
    i.__kernel_poly                          0x08006bf0   Section        0  poly.o(i.__kernel_poly)
    i.__kernel_sin                           0x08006c9c   Section        0  sin_i.o(i.__kernel_sin)
    i.__mathlib_dbl_underflow                0x08006d88   Section        0  dunder.o(i.__mathlib_dbl_underflow)
    i.__scatterload_copy                     0x08006d98   Section       14  handlers.o(i.__scatterload_copy)
    i.__scatterload_null                     0x08006da6   Section        2  handlers.o(i.__scatterload_null)
    i.__scatterload_zeroinit                 0x08006da8   Section       14  handlers.o(i.__scatterload_zeroinit)
    i.__set_errno                            0x08006db8   Section        0  errno.o(i.__set_errno)
    i._fp_digits                             0x08006dc4   Section        0  printfa.o(i._fp_digits)
    _fp_digits                               0x08006dc5   Thumb Code   326  printfa.o(i._fp_digits)
    i._printf_core                           0x08006f20   Section        0  printfa.o(i._printf_core)
    _printf_core                             0x08006f21   Thumb Code  1762  printfa.o(i._printf_core)
    i._printf_post_padding                   0x08007610   Section        0  printfa.o(i._printf_post_padding)
    _printf_post_padding                     0x08007611   Thumb Code    38  printfa.o(i._printf_post_padding)
    i._printf_pre_padding                    0x08007636   Section        0  printfa.o(i._printf_pre_padding)
    _printf_pre_padding                      0x08007637   Thumb Code    48  printfa.o(i._printf_pre_padding)
    i.asin                                   0x08007668   Section        0  asin.o(i.asin)
    i.atan                                   0x080078e4   Section        0  atan.o(i.atan)
    i.atan2                                  0x08007b08   Section        0  atan2.o(i.atan2)
    i.cos                                    0x08007c88   Section        0  cos.o(i.cos)
    i.sin                                    0x08007d34   Section        0  sin.o(i.sin)
    i.sqrt                                   0x08007de4   Section        0  sqrt.o(i.sqrt)
    i.sqrtf                                  0x08007e30   Section        0  sqrtf.o(i.sqrtf)
    .constdata                               0x08007e5c   Section       66  main.o(.constdata)
    .constdata                               0x08007ea0   Section      164  ahrs_attitude.o(.constdata)
    .constdata                               0x08007f48   Section       80  asin.o(.constdata)
    pS                                       0x08007f48   Data          48  asin.o(.constdata)
    qS                                       0x08007f78   Data          32  asin.o(.constdata)
    .constdata                               0x08007f98   Section      152  atan.o(.constdata)
    atanhi                                   0x08007f98   Data          32  atan.o(.constdata)
    atanlo                                   0x08007fb8   Data          32  atan.o(.constdata)
    aTodd                                    0x08007fd8   Data          40  atan.o(.constdata)
    aTeven                                   0x08008000   Data          48  atan.o(.constdata)
    .constdata                               0x08008030   Section       48  cos_i.o(.constdata)
    C                                        0x08008030   Data          48  cos_i.o(.constdata)
    .constdata                               0x08008060   Section        8  qnan.o(.constdata)
    .constdata                               0x08008068   Section      200  rred.o(.constdata)
    pio2s                                    0x08008068   Data          48  rred.o(.constdata)
    twooverpi                                0x08008098   Data         152  rred.o(.constdata)
    .constdata                               0x08008130   Section       40  sin_i.o(.constdata)
    S                                        0x08008130   Data          40  sin_i.o(.constdata)
    .data                                    0x20000000   Section       20  system_stm32f10x.o(.data)
    .data                                    0x20000014   Section       20  stm32f10x_rcc.o(.data)
    APBAHBPrescTable                         0x20000014   Data          16  stm32f10x_rcc.o(.data)
    ADCPrescTable                            0x20000024   Data           4  stm32f10x_rcc.o(.data)
    .data                                    0x20000028   Section       24  main.o(.data)
    .data                                    0x20000040   Section       12  stm32f10x_it.o(.data)
    .data                                    0x2000004c   Section        6  bsp_spi_adis.o(.data)
    Magn                                     0x2000004c   Data           6  bsp_spi_adis.o(.data)
    .data                                    0x20000054   Section        4  bsp_timbase.o(.data)
    .data                                    0x20000058   Section      144  ahrs_attitude.o(.data)
    now                                      0x20000098   Data           4  ahrs_attitude.o(.data)
    .data                                    0x200000e8   Section        4  stdout.o(.data)
    .data                                    0x200000ec   Section        4  errno.o(.data)
    _errno                                   0x200000ec   Data           4  errno.o(.data)
    .bss                                     0x200000f0   Section     5000  bsp_usart1.o(.bss)
    .bss                                     0x20001478   Section       84  bsp_spi_adis.o(.bss)
    DeltAng                                  0x20001478   Data          12  bsp_spi_adis.o(.bss)
    DELTANG                                  0x20001484   Data          12  bsp_spi_adis.o(.bss)
    Gyro                                     0x20001490   Data          12  bsp_spi_adis.o(.bss)
    GYRO                                     0x2000149c   Data          12  bsp_spi_adis.o(.bss)
    Accl                                     0x200014a8   Data          12  bsp_spi_adis.o(.bss)
    ACCL                                     0x200014b4   Data          12  bsp_spi_adis.o(.bss)
    MAGN                                     0x200014c0   Data          12  bsp_spi_adis.o(.bss)
    .bss                                     0x200014cc   Section       48  ahrs_attitude.o(.bss)
    STACK                                    0x20001500   Section     1024  startup_stm32f10x_hd.o(STACK)

    Global Symbols

    Symbol Name                              Value     Ov Type        Size  Object(Section)

    BuildAttributes$$THM_ISAv4$P$D$K$B$S$PE$A:L22UL41UL21$X:L11$S22US41US21$IEEE1$IW$USESV6$~STKCKD$USESV7$~SHL$OTIME$ROPI$IEEEX$EBA8$MICROLIB$REQ8$PRES8$EABIv2 0x00000000   Number         0  anon$$obj.o ABSOLUTE
    __ARM_use_no_argv                        0x00000000   Number         0  main.o ABSOLUTE
    _printf_a                                0x00000000   Number         0  stubs.o ABSOLUTE
    _printf_c                                0x00000000   Number         0  stubs.o ABSOLUTE
    _printf_charcount                        0x00000000   Number         0  stubs.o ABSOLUTE
    _printf_d                                0x00000000   Number         0  stubs.o ABSOLUTE
    _printf_e                                0x00000000   Number         0  stubs.o ABSOLUTE
    _printf_f                                0x00000000   Number         0  stubs.o ABSOLUTE
    _printf_flags                            0x00000000   Number         0  stubs.o ABSOLUTE
    _printf_fp_dec                           0x00000000   Number         0  stubs.o ABSOLUTE
    _printf_fp_hex                           0x00000000   Number         0  stubs.o ABSOLUTE
    _printf_g                                0x00000000   Number         0  stubs.o ABSOLUTE
    _printf_i                                0x00000000   Number         0  stubs.o ABSOLUTE
    _printf_int_dec                          0x00000000   Number         0  stubs.o ABSOLUTE
    _printf_l                                0x00000000   Number         0  stubs.o ABSOLUTE
    _printf_lc                               0x00000000   Number         0  stubs.o ABSOLUTE
    _printf_ll                               0x00000000   Number         0  stubs.o ABSOLUTE
    _printf_lld                              0x00000000   Number         0  stubs.o ABSOLUTE
    _printf_lli                              0x00000000   Number         0  stubs.o ABSOLUTE
    _printf_llo                              0x00000000   Number         0  stubs.o ABSOLUTE
    _printf_llu                              0x00000000   Number         0  stubs.o ABSOLUTE
    _printf_llx                              0x00000000   Number         0  stubs.o ABSOLUTE
    _printf_longlong_dec                     0x00000000   Number         0  stubs.o ABSOLUTE
    _printf_longlong_hex                     0x00000000   Number         0  stubs.o ABSOLUTE
    _printf_longlong_oct                     0x00000000   Number         0  stubs.o ABSOLUTE
    _printf_ls                               0x00000000   Number         0  stubs.o ABSOLUTE
    _printf_mbtowc                           0x00000000   Number         0  stubs.o ABSOLUTE
    _printf_n                                0x00000000   Number         0  stubs.o ABSOLUTE
    _printf_o                                0x00000000   Number         0  stubs.o ABSOLUTE
    _printf_p                                0x00000000   Number         0  stubs.o ABSOLUTE
    _printf_percent                          0x00000000   Number         0  stubs.o ABSOLUTE
    _printf_pre_padding                      0x00000000   Number         0  stubs.o ABSOLUTE
    _printf_return_value                     0x00000000   Number         0  stubs.o ABSOLUTE
    _printf_s                                0x00000000   Number         0  stubs.o ABSOLUTE
    _printf_sizespec                         0x00000000   Number         0  stubs.o ABSOLUTE
    _printf_str                              0x00000000   Number         0  stubs.o ABSOLUTE
    _printf_truncate_signed                  0x00000000   Number         0  stubs.o ABSOLUTE
    _printf_truncate_unsigned                0x00000000   Number         0  stubs.o ABSOLUTE
    _printf_u                                0x00000000   Number         0  stubs.o ABSOLUTE
    _printf_wc                               0x00000000   Number         0  stubs.o ABSOLUTE
    _printf_wctomb                           0x00000000   Number         0  stubs.o ABSOLUTE
    _printf_widthprec                        0x00000000   Number         0  stubs.o ABSOLUTE
    _printf_x                                0x00000000   Number         0  stubs.o ABSOLUTE
    __cpp_initialize__aeabi_                  - Undefined Weak Reference
    __cxa_finalize                            - Undefined Weak Reference
    __decompress                              - Undefined Weak Reference
    _clock_init                               - Undefined Weak Reference
    _microlib_exit                            - Undefined Weak Reference
    __Vectors_Size                           0x00000130   Number         0  startup_stm32f10x_hd.o ABSOLUTE
    __Vectors                                0x08000000   Data           4  startup_stm32f10x_hd.o(RESET)
    __Vectors_End                            0x08000130   Data           0  startup_stm32f10x_hd.o(RESET)
    __main                                   0x08000131   Thumb Code     0  entry.o(.ARM.Collect$$$$00000000)
    _main_stk                                0x08000131   Thumb Code     0  entry2.o(.ARM.Collect$$$$00000001)
    _main_scatterload                        0x08000135   Thumb Code     0  entry5.o(.ARM.Collect$$$$00000004)
    __main_after_scatterload                 0x08000139   Thumb Code     0  entry5.o(.ARM.Collect$$$$00000004)
    _main_clock                              0x08000139   Thumb Code     0  entry7b.o(.ARM.Collect$$$$00000008)
    _main_cpp_init                           0x08000139   Thumb Code     0  entry8b.o(.ARM.Collect$$$$0000000A)
    _main_init                               0x08000139   Thumb Code     0  entry9a.o(.ARM.Collect$$$$0000000B)
    __rt_final_cpp                           0x08000141   Thumb Code     0  entry10a.o(.ARM.Collect$$$$0000000D)
    __rt_final_exit                          0x08000141   Thumb Code     0  entry11a.o(.ARM.Collect$$$$0000000F)
    Reset_Handler                            0x08000145   Thumb Code     8  startup_stm32f10x_hd.o(.text)
    ADC1_2_IRQHandler                        0x0800015f   Thumb Code     0  startup_stm32f10x_hd.o(.text)
    ADC3_IRQHandler                          0x0800015f   Thumb Code     0  startup_stm32f10x_hd.o(.text)
    CAN1_RX1_IRQHandler                      0x0800015f   Thumb Code     0  startup_stm32f10x_hd.o(.text)
    CAN1_SCE_IRQHandler                      0x0800015f   Thumb Code     0  startup_stm32f10x_hd.o(.text)
    DMA1_Channel1_IRQHandler                 0x0800015f   Thumb Code     0  startup_stm32f10x_hd.o(.text)
    DMA1_Channel2_IRQHandler                 0x0800015f   Thumb Code     0  startup_stm32f10x_hd.o(.text)
    DMA1_Channel3_IRQHandler                 0x0800015f   Thumb Code     0  startup_stm32f10x_hd.o(.text)
    DMA1_Channel4_IRQHandler                 0x0800015f   Thumb Code     0  startup_stm32f10x_hd.o(.text)
    DMA1_Channel5_IRQHandler                 0x0800015f   Thumb Code     0  startup_stm32f10x_hd.o(.text)
    DMA1_Channel6_IRQHandler                 0x0800015f   Thumb Code     0  startup_stm32f10x_hd.o(.text)
    DMA1_Channel7_IRQHandler                 0x0800015f   Thumb Code     0  startup_stm32f10x_hd.o(.text)
    DMA2_Channel1_IRQHandler                 0x0800015f   Thumb Code     0  startup_stm32f10x_hd.o(.text)
    DMA2_Channel2_IRQHandler                 0x0800015f   Thumb Code     0  startup_stm32f10x_hd.o(.text)
    DMA2_Channel3_IRQHandler                 0x0800015f   Thumb Code     0  startup_stm32f10x_hd.o(.text)
    DMA2_Channel4_5_IRQHandler               0x0800015f   Thumb Code     0  startup_stm32f10x_hd.o(.text)
    EXTI15_10_IRQHandler                     0x0800015f   Thumb Code     0  startup_stm32f10x_hd.o(.text)
    EXTI1_IRQHandler                         0x0800015f   Thumb Code     0  startup_stm32f10x_hd.o(.text)
    EXTI2_IRQHandler                         0x0800015f   Thumb Code     0  startup_stm32f10x_hd.o(.text)
    EXTI3_IRQHandler                         0x0800015f   Thumb Code     0  startup_stm32f10x_hd.o(.text)
    EXTI4_IRQHandler                         0x0800015f   Thumb Code     0  startup_stm32f10x_hd.o(.text)
    EXTI9_5_IRQHandler                       0x0800015f   Thumb Code     0  startup_stm32f10x_hd.o(.text)
    FLASH_IRQHandler                         0x0800015f   Thumb Code     0  startup_stm32f10x_hd.o(.text)
    FSMC_IRQHandler                          0x0800015f   Thumb Code     0  startup_stm32f10x_hd.o(.text)
    I2C1_ER_IRQHandler                       0x0800015f   Thumb Code     0  startup_stm32f10x_hd.o(.text)
    I2C1_EV_IRQHandler                       0x0800015f   Thumb Code     0  startup_stm32f10x_hd.o(.text)
    I2C2_ER_IRQHandler                       0x0800015f   Thumb Code     0  startup_stm32f10x_hd.o(.text)
    I2C2_EV_IRQHandler                       0x0800015f   Thumb Code     0  startup_stm32f10x_hd.o(.text)
    PVD_IRQHandler                           0x0800015f   Thumb Code     0  startup_stm32f10x_hd.o(.text)
    RCC_IRQHandler                           0x0800015f   Thumb Code     0  startup_stm32f10x_hd.o(.text)
    RTCAlarm_IRQHandler                      0x0800015f   Thumb Code     0  startup_stm32f10x_hd.o(.text)
    RTC_IRQHandler                           0x0800015f   Thumb Code     0  startup_stm32f10x_hd.o(.text)
    SDIO_IRQHandler                          0x0800015f   Thumb Code     0  startup_stm32f10x_hd.o(.text)
    SPI1_IRQHandler                          0x0800015f   Thumb Code     0  startup_stm32f10x_hd.o(.text)
    SPI2_IRQHandler                          0x0800015f   Thumb Code     0  startup_stm32f10x_hd.o(.text)
    SPI3_IRQHandler                          0x0800015f   Thumb Code     0  startup_stm32f10x_hd.o(.text)
    TAMPER_IRQHandler                        0x0800015f   Thumb Code     0  startup_stm32f10x_hd.o(.text)
    TIM1_BRK_IRQHandler                      0x0800015f   Thumb Code     0  startup_stm32f10x_hd.o(.text)
    TIM1_CC_IRQHandler                       0x0800015f   Thumb Code     0  startup_stm32f10x_hd.o(.text)
    TIM1_TRG_COM_IRQHandler                  0x0800015f   Thumb Code     0  startup_stm32f10x_hd.o(.text)
    TIM1_UP_IRQHandler                       0x0800015f   Thumb Code     0  startup_stm32f10x_hd.o(.text)
    TIM3_IRQHandler                          0x0800015f   Thumb Code     0  startup_stm32f10x_hd.o(.text)
    TIM4_IRQHandler                          0x0800015f   Thumb Code     0  startup_stm32f10x_hd.o(.text)
    TIM5_IRQHandler                          0x0800015f   Thumb Code     0  startup_stm32f10x_hd.o(.text)
    TIM6_IRQHandler                          0x0800015f   Thumb Code     0  startup_stm32f10x_hd.o(.text)
    TIM7_IRQHandler                          0x0800015f   Thumb Code     0  startup_stm32f10x_hd.o(.text)
    TIM8_BRK_IRQHandler                      0x0800015f   Thumb Code     0  startup_stm32f10x_hd.o(.text)
    TIM8_CC_IRQHandler                       0x0800015f   Thumb Code     0  startup_stm32f10x_hd.o(.text)
    TIM8_TRG_COM_IRQHandler                  0x0800015f   Thumb Code     0  startup_stm32f10x_hd.o(.text)
    TIM8_UP_IRQHandler                       0x0800015f   Thumb Code     0  startup_stm32f10x_hd.o(.text)
    UART4_IRQHandler                         0x0800015f   Thumb Code     0  startup_stm32f10x_hd.o(.text)
    UART5_IRQHandler                         0x0800015f   Thumb Code     0  startup_stm32f10x_hd.o(.text)
    USART1_IRQHandler                        0x0800015f   Thumb Code     0  startup_stm32f10x_hd.o(.text)
    USART2_IRQHandler                        0x0800015f   Thumb Code     0  startup_stm32f10x_hd.o(.text)
    USART3_IRQHandler                        0x0800015f   Thumb Code     0  startup_stm32f10x_hd.o(.text)
    USBWakeUp_IRQHandler                     0x0800015f   Thumb Code     0  startup_stm32f10x_hd.o(.text)
    USB_HP_CAN1_TX_IRQHandler                0x0800015f   Thumb Code     0  startup_stm32f10x_hd.o(.text)
    USB_LP_CAN1_RX0_IRQHandler               0x0800015f   Thumb Code     0  startup_stm32f10x_hd.o(.text)
    WWDG_IRQHandler                          0x0800015f   Thumb Code     0  startup_stm32f10x_hd.o(.text)
    SystemInit                               0x08000245   Thumb Code    78  system_stm32f10x.o(.text)
    SystemCoreClockUpdate                    0x08000293   Thumb Code   142  system_stm32f10x.o(.text)
    NVIC_PriorityGroupConfig                 0x08000345   Thumb Code    10  misc.o(.text)
    NVIC_Init                                0x0800034f   Thumb Code   102  misc.o(.text)
    NVIC_SetVectorTable                      0x080003b5   Thumb Code    14  misc.o(.text)
    NVIC_SystemLPConfig                      0x080003c3   Thumb Code    34  misc.o(.text)
    SysTick_CLKSourceConfig                  0x080003e5   Thumb Code    40  misc.o(.text)
    DMA_DeInit                               0x08000421   Thumb Code   324  stm32f10x_dma.o(.text)
    DMA_Init                                 0x08000565   Thumb Code    60  stm32f10x_dma.o(.text)
    DMA_StructInit                           0x080005a1   Thumb Code    26  stm32f10x_dma.o(.text)
    DMA_Cmd                                  0x080005bb   Thumb Code    24  stm32f10x_dma.o(.text)
    DMA_ITConfig                             0x080005d3   Thumb Code    18  stm32f10x_dma.o(.text)
    DMA_SetCurrDataCounter                   0x080005e5   Thumb Code     4  stm32f10x_dma.o(.text)
    DMA_GetCurrDataCounter                   0x080005e9   Thumb Code     8  stm32f10x_dma.o(.text)
    DMA_GetFlagStatus                        0x080005f1   Thumb Code    38  stm32f10x_dma.o(.text)
    DMA_ClearFlag                            0x08000617   Thumb Code    22  stm32f10x_dma.o(.text)
    DMA_GetITStatus                          0x0800062d   Thumb Code    38  stm32f10x_dma.o(.text)
    DMA_ClearITPendingBit                    0x08000653   Thumb Code    22  stm32f10x_dma.o(.text)
    EXTI_DeInit                              0x08000671   Thumb Code    28  stm32f10x_exti.o(.text)
    EXTI_Init                                0x0800068d   Thumb Code   142  stm32f10x_exti.o(.text)
    EXTI_StructInit                          0x0800071b   Thumb Code    16  stm32f10x_exti.o(.text)
    EXTI_GenerateSWInterrupt                 0x0800072b   Thumb Code    16  stm32f10x_exti.o(.text)
    EXTI_GetFlagStatus                       0x0800073b   Thumb Code    22  stm32f10x_exti.o(.text)
    EXTI_ClearFlag                           0x08000751   Thumb Code     8  stm32f10x_exti.o(.text)
    EXTI_GetITStatus                         0x08000759   Thumb Code    34  stm32f10x_exti.o(.text)
    EXTI_ClearITPendingBit                   0x0800077b   Thumb Code     8  stm32f10x_exti.o(.text)
    GPIO_DeInit                              0x0800078d   Thumb Code   172  stm32f10x_gpio.o(.text)
    GPIO_AFIODeInit                          0x08000839   Thumb Code    20  stm32f10x_gpio.o(.text)
    GPIO_Init                                0x0800084d   Thumb Code   274  stm32f10x_gpio.o(.text)
    GPIO_StructInit                          0x0800095f   Thumb Code    16  stm32f10x_gpio.o(.text)
    GPIO_ReadInputDataBit                    0x0800096f   Thumb Code    18  stm32f10x_gpio.o(.text)
    GPIO_ReadInputData                       0x08000981   Thumb Code     8  stm32f10x_gpio.o(.text)
    GPIO_ReadOutputDataBit                   0x08000989   Thumb Code    18  stm32f10x_gpio.o(.text)
    GPIO_ReadOutputData                      0x0800099b   Thumb Code     8  stm32f10x_gpio.o(.text)
    GPIO_SetBits                             0x080009a3   Thumb Code     4  stm32f10x_gpio.o(.text)
    GPIO_ResetBits                           0x080009a7   Thumb Code     4  stm32f10x_gpio.o(.text)
    GPIO_WriteBit                            0x080009ab   Thumb Code    10  stm32f10x_gpio.o(.text)
    GPIO_Write                               0x080009b5   Thumb Code     4  stm32f10x_gpio.o(.text)
    GPIO_PinLockConfig                       0x080009b9   Thumb Code    18  stm32f10x_gpio.o(.text)
    GPIO_EventOutputConfig                   0x080009cb   Thumb Code    26  stm32f10x_gpio.o(.text)
    GPIO_EventOutputCmd                      0x080009e5   Thumb Code     6  stm32f10x_gpio.o(.text)
    GPIO_PinRemapConfig                      0x080009eb   Thumb Code   138  stm32f10x_gpio.o(.text)
    GPIO_EXTILineConfig                      0x08000a75   Thumb Code    66  stm32f10x_gpio.o(.text)
    GPIO_ETH_MediaInterfaceConfig            0x08000ab7   Thumb Code     6  stm32f10x_gpio.o(.text)
    RCC_DeInit                               0x08000ae5   Thumb Code    64  stm32f10x_rcc.o(.text)
    RCC_HSEConfig                            0x08000b25   Thumb Code    70  stm32f10x_rcc.o(.text)
    RCC_GetFlagStatus                        0x08000b6b   Thumb Code    56  stm32f10x_rcc.o(.text)
    RCC_WaitForHSEStartUp                    0x08000ba3   Thumb Code    56  stm32f10x_rcc.o(.text)
    RCC_AdjustHSICalibrationValue            0x08000bdb   Thumb Code    20  stm32f10x_rcc.o(.text)
    RCC_HSICmd                               0x08000bef   Thumb Code     6  stm32f10x_rcc.o(.text)
    RCC_PLLConfig                            0x08000bf5   Thumb Code    24  stm32f10x_rcc.o(.text)
    RCC_PLLCmd                               0x08000c0d   Thumb Code     6  stm32f10x_rcc.o(.text)
    RCC_SYSCLKConfig                         0x08000c13   Thumb Code    18  stm32f10x_rcc.o(.text)
    RCC_GetSYSCLKSource                      0x08000c25   Thumb Code    10  stm32f10x_rcc.o(.text)
    RCC_HCLKConfig                           0x08000c2f   Thumb Code    18  stm32f10x_rcc.o(.text)
    RCC_PCLK1Config                          0x08000c41   Thumb Code    18  stm32f10x_rcc.o(.text)
    RCC_PCLK2Config                          0x08000c53   Thumb Code    20  stm32f10x_rcc.o(.text)
    RCC_ITConfig                             0x08000c67   Thumb Code    26  stm32f10x_rcc.o(.text)
    RCC_USBCLKConfig                         0x08000c81   Thumb Code     6  stm32f10x_rcc.o(.text)
    RCC_ADCCLKConfig                         0x08000c87   Thumb Code    18  stm32f10x_rcc.o(.text)
    RCC_LSEConfig                            0x08000c99   Thumb Code    44  stm32f10x_rcc.o(.text)
    RCC_LSICmd                               0x08000cc5   Thumb Code     6  stm32f10x_rcc.o(.text)
    RCC_RTCCLKConfig                         0x08000ccb   Thumb Code    12  stm32f10x_rcc.o(.text)
    RCC_RTCCLKCmd                            0x08000cd7   Thumb Code     8  stm32f10x_rcc.o(.text)
    RCC_GetClocksFreq                        0x08000cdf   Thumb Code   192  stm32f10x_rcc.o(.text)
    RCC_AHBPeriphClockCmd                    0x08000d9f   Thumb Code    26  stm32f10x_rcc.o(.text)
    RCC_APB2PeriphClockCmd                   0x08000db9   Thumb Code    26  stm32f10x_rcc.o(.text)
    RCC_APB1PeriphClockCmd                   0x08000dd3   Thumb Code    26  stm32f10x_rcc.o(.text)
    RCC_APB2PeriphResetCmd                   0x08000ded   Thumb Code    26  stm32f10x_rcc.o(.text)
    RCC_APB1PeriphResetCmd                   0x08000e07   Thumb Code    26  stm32f10x_rcc.o(.text)
    RCC_BackupResetCmd                       0x08000e21   Thumb Code     8  stm32f10x_rcc.o(.text)
    RCC_ClockSecuritySystemCmd               0x08000e29   Thumb Code     6  stm32f10x_rcc.o(.text)
    RCC_MCOConfig                            0x08000e2f   Thumb Code     6  stm32f10x_rcc.o(.text)
    RCC_ClearFlag                            0x08000e35   Thumb Code    14  stm32f10x_rcc.o(.text)
    RCC_GetITStatus                          0x08000e43   Thumb Code    20  stm32f10x_rcc.o(.text)
    RCC_ClearITPendingBit                    0x08000e57   Thumb Code     6  stm32f10x_rcc.o(.text)
    SPI_I2S_DeInit                           0x08000e89   Thumb Code    76  stm32f10x_spi.o(.text)
    SPI_Init                                 0x08000ed5   Thumb Code    60  stm32f10x_spi.o(.text)
    I2S_Init                                 0x08000f11   Thumb Code   226  stm32f10x_spi.o(.text)
    SPI_StructInit                           0x08000ff3   Thumb Code    24  stm32f10x_spi.o(.text)
    I2S_StructInit                           0x0800100b   Thumb Code    20  stm32f10x_spi.o(.text)
    SPI_Cmd                                  0x0800101f   Thumb Code    24  stm32f10x_spi.o(.text)
    I2S_Cmd                                  0x08001037   Thumb Code    24  stm32f10x_spi.o(.text)
    SPI_I2S_ITConfig                         0x0800104f   Thumb Code    32  stm32f10x_spi.o(.text)
    SPI_I2S_DMACmd                           0x0800106f   Thumb Code    18  stm32f10x_spi.o(.text)
    SPI_I2S_SendData                         0x08001081   Thumb Code     4  stm32f10x_spi.o(.text)
    SPI_I2S_ReceiveData                      0x08001085   Thumb Code     6  stm32f10x_spi.o(.text)
    SPI_NSSInternalSoftwareConfig            0x0800108b   Thumb Code    30  stm32f10x_spi.o(.text)
    SPI_SSOutputCmd                          0x080010a9   Thumb Code    24  stm32f10x_spi.o(.text)
    SPI_DataSizeConfig                       0x080010c1   Thumb Code    18  stm32f10x_spi.o(.text)
    SPI_TransmitCRC                          0x080010d3   Thumb Code    10  stm32f10x_spi.o(.text)
    SPI_CalculateCRC                         0x080010dd   Thumb Code    24  stm32f10x_spi.o(.text)
    SPI_GetCRC                               0x080010f5   Thumb Code    16  stm32f10x_spi.o(.text)
    SPI_GetCRCPolynomial                     0x08001105   Thumb Code     6  stm32f10x_spi.o(.text)
    SPI_BiDirectionalLineConfig              0x0800110b   Thumb Code    28  stm32f10x_spi.o(.text)
    SPI_I2S_GetFlagStatus                    0x08001127   Thumb Code    18  stm32f10x_spi.o(.text)
    SPI_I2S_ClearFlag                        0x08001139   Thumb Code     6  stm32f10x_spi.o(.text)
    SPI_I2S_GetITStatus                      0x0800113f   Thumb Code    52  stm32f10x_spi.o(.text)
    SPI_I2S_ClearITPendingBit                0x08001173   Thumb Code    20  stm32f10x_spi.o(.text)
    TIM_DeInit                               0x08001195   Thumb Code   424  stm32f10x_tim.o(.text)
    TIM_TimeBaseInit                         0x0800133d   Thumb Code   122  stm32f10x_tim.o(.text)
    TIM_OC1Init                              0x080013b7   Thumb Code   132  stm32f10x_tim.o(.text)
    TIM_OC2Init                              0x0800143b   Thumb Code   154  stm32f10x_tim.o(.text)
    TIM_OC3Init                              0x080014d5   Thumb Code   150  stm32f10x_tim.o(.text)
    TIM_OC4Init                              0x0800156b   Thumb Code   182  stm32f10x_tim.o(.text)
    TIM_SetIC4Prescaler                      0x08001621   Thumb Code    26  stm32f10x_tim.o(.text)
    TIM_SetIC3Prescaler                      0x080016bd   Thumb Code    18  stm32f10x_tim.o(.text)
    TIM_SetIC2Prescaler                      0x08001749   Thumb Code    26  stm32f10x_tim.o(.text)
    TIM_SetIC1Prescaler                      0x080017e5   Thumb Code    18  stm32f10x_tim.o(.text)
    TIM_ICInit                               0x08001863   Thumb Code   150  stm32f10x_tim.o(.text)
    TIM_PWMIConfig                           0x080018f9   Thumb Code   124  stm32f10x_tim.o(.text)
    TIM_BDTRConfig                           0x08001975   Thumb Code    32  stm32f10x_tim.o(.text)
    TIM_TimeBaseStructInit                   0x08001995   Thumb Code    18  stm32f10x_tim.o(.text)
    TIM_OCStructInit                         0x080019a7   Thumb Code    20  stm32f10x_tim.o(.text)
    TIM_ICStructInit                         0x080019bb   Thumb Code    18  stm32f10x_tim.o(.text)
    TIM_BDTRStructInit                       0x080019cd   Thumb Code    40  stm32f10x_tim.o(.text)
    TIM_Cmd                                  0x080019f5   Thumb Code    24  stm32f10x_tim.o(.text)
    TIM_CtrlPWMOutputs                       0x08001a0d   Thumb Code    30  stm32f10x_tim.o(.text)
    TIM_ITConfig                             0x08001a2b   Thumb Code    18  stm32f10x_tim.o(.text)
    TIM_GenerateEvent                        0x08001a3d   Thumb Code     4  stm32f10x_tim.o(.text)
    TIM_DMAConfig                            0x08001a41   Thumb Code    10  stm32f10x_tim.o(.text)
    TIM_DMACmd                               0x08001a4b   Thumb Code    18  stm32f10x_tim.o(.text)
    TIM_InternalClockConfig                  0x08001a5d   Thumb Code    12  stm32f10x_tim.o(.text)
    TIM_SelectInputTrigger                   0x08001a69   Thumb Code    18  stm32f10x_tim.o(.text)
    TIM_ITRxExternalClockConfig              0x08001a7b   Thumb Code    24  stm32f10x_tim.o(.text)
    TIM_TIxExternalClockConfig               0x08001a93   Thumb Code    62  stm32f10x_tim.o(.text)
    TIM_ETRConfig                            0x08001ad1   Thumb Code    28  stm32f10x_tim.o(.text)
    TIM_ETRClockMode1Config                  0x08001aed   Thumb Code    54  stm32f10x_tim.o(.text)
    TIM_ETRClockMode2Config                  0x08001b23   Thumb Code    32  stm32f10x_tim.o(.text)
    TIM_PrescalerConfig                      0x08001b43   Thumb Code     6  stm32f10x_tim.o(.text)
    TIM_CounterModeConfig                    0x08001b49   Thumb Code    18  stm32f10x_tim.o(.text)
    TIM_EncoderInterfaceConfig               0x08001b5b   Thumb Code    66  stm32f10x_tim.o(.text)
    TIM_ForcedOC1Config                      0x08001b9d   Thumb Code    18  stm32f10x_tim.o(.text)
    TIM_ForcedOC2Config                      0x08001baf   Thumb Code    26  stm32f10x_tim.o(.text)
    TIM_ForcedOC3Config                      0x08001bc9   Thumb Code    18  stm32f10x_tim.o(.text)
    TIM_ForcedOC4Config                      0x08001bdb   Thumb Code    26  stm32f10x_tim.o(.text)
    TIM_ARRPreloadConfig                     0x08001bf5   Thumb Code    24  stm32f10x_tim.o(.text)
    TIM_SelectCOM                            0x08001c0d   Thumb Code    24  stm32f10x_tim.o(.text)
    TIM_SelectCCDMA                          0x08001c25   Thumb Code    24  stm32f10x_tim.o(.text)
    TIM_CCPreloadControl                     0x08001c3d   Thumb Code    24  stm32f10x_tim.o(.text)
    TIM_OC1PreloadConfig                     0x08001c55   Thumb Code    18  stm32f10x_tim.o(.text)
    TIM_OC2PreloadConfig                     0x08001c67   Thumb Code    26  stm32f10x_tim.o(.text)
    TIM_OC3PreloadConfig                     0x08001c81   Thumb Code    18  stm32f10x_tim.o(.text)
    TIM_OC4PreloadConfig                     0x08001c93   Thumb Code    26  stm32f10x_tim.o(.text)
    TIM_OC1FastConfig                        0x08001cad   Thumb Code    18  stm32f10x_tim.o(.text)
    TIM_OC2FastConfig                        0x08001cbf   Thumb Code    26  stm32f10x_tim.o(.text)
    TIM_OC3FastConfig                        0x08001cd9   Thumb Code    18  stm32f10x_tim.o(.text)
    TIM_OC4FastConfig                        0x08001ceb   Thumb Code    26  stm32f10x_tim.o(.text)
    TIM_ClearOC1Ref                          0x08001d05   Thumb Code    18  stm32f10x_tim.o(.text)
    TIM_ClearOC2Ref                          0x08001d17   Thumb Code    24  stm32f10x_tim.o(.text)
    TIM_ClearOC3Ref                          0x08001d2f   Thumb Code    18  stm32f10x_tim.o(.text)
    TIM_ClearOC4Ref                          0x08001d41   Thumb Code    24  stm32f10x_tim.o(.text)
    TIM_OC1PolarityConfig                    0x08001d59   Thumb Code    18  stm32f10x_tim.o(.text)
    TIM_OC1NPolarityConfig                   0x08001d6b   Thumb Code    18  stm32f10x_tim.o(.text)
    TIM_OC2PolarityConfig                    0x08001d7d   Thumb Code    26  stm32f10x_tim.o(.text)
    TIM_OC2NPolarityConfig                   0x08001d97   Thumb Code    26  stm32f10x_tim.o(.text)
    TIM_OC3PolarityConfig                    0x08001db1   Thumb Code    26  stm32f10x_tim.o(.text)
    TIM_OC3NPolarityConfig                   0x08001dcb   Thumb Code    26  stm32f10x_tim.o(.text)
    TIM_OC4PolarityConfig                    0x08001de5   Thumb Code    26  stm32f10x_tim.o(.text)
    TIM_CCxCmd                               0x08001dff   Thumb Code    30  stm32f10x_tim.o(.text)
    TIM_CCxNCmd                              0x08001e1d   Thumb Code    30  stm32f10x_tim.o(.text)
    TIM_SelectOCxM                           0x08001e3b   Thumb Code    82  stm32f10x_tim.o(.text)
    TIM_UpdateDisableConfig                  0x08001e8d   Thumb Code    24  stm32f10x_tim.o(.text)
    TIM_UpdateRequestConfig                  0x08001ea5   Thumb Code    24  stm32f10x_tim.o(.text)
    TIM_SelectHallSensor                     0x08001ebd   Thumb Code    24  stm32f10x_tim.o(.text)
    TIM_SelectOnePulseMode                   0x08001ed5   Thumb Code    18  stm32f10x_tim.o(.text)
    TIM_SelectOutputTrigger                  0x08001ee7   Thumb Code    18  stm32f10x_tim.o(.text)
    TIM_SelectSlaveMode                      0x08001ef9   Thumb Code    18  stm32f10x_tim.o(.text)
    TIM_SelectMasterSlaveMode                0x08001f0b   Thumb Code    18  stm32f10x_tim.o(.text)
    TIM_SetCounter                           0x08001f1d   Thumb Code     4  stm32f10x_tim.o(.text)
    TIM_SetAutoreload                        0x08001f21   Thumb Code     4  stm32f10x_tim.o(.text)
    TIM_SetCompare1                          0x08001f25   Thumb Code     4  stm32f10x_tim.o(.text)
    TIM_SetCompare2                          0x08001f29   Thumb Code     4  stm32f10x_tim.o(.text)
    TIM_SetCompare3                          0x08001f2d   Thumb Code     4  stm32f10x_tim.o(.text)
    TIM_SetCompare4                          0x08001f31   Thumb Code     6  stm32f10x_tim.o(.text)
    TIM_SetClockDivision                     0x08001f37   Thumb Code    18  stm32f10x_tim.o(.text)
    TIM_GetCapture1                          0x08001f49   Thumb Code     6  stm32f10x_tim.o(.text)
    TIM_GetCapture2                          0x08001f4f   Thumb Code     6  stm32f10x_tim.o(.text)
    TIM_GetCapture3                          0x08001f55   Thumb Code     6  stm32f10x_tim.o(.text)
    TIM_GetCapture4                          0x08001f5b   Thumb Code     8  stm32f10x_tim.o(.text)
    TIM_GetCounter                           0x08001f63   Thumb Code     6  stm32f10x_tim.o(.text)
    TIM_GetPrescaler                         0x08001f69   Thumb Code     6  stm32f10x_tim.o(.text)
    TIM_GetFlagStatus                        0x08001f6f   Thumb Code    18  stm32f10x_tim.o(.text)
    TIM_ClearFlag                            0x08001f81   Thumb Code     6  stm32f10x_tim.o(.text)
    TIM_GetITStatus                          0x08001f87   Thumb Code    34  stm32f10x_tim.o(.text)
    TIM_ClearITPendingBit                    0x08001fa9   Thumb Code     6  stm32f10x_tim.o(.text)
    USART_DeInit                             0x08001fb1   Thumb Code   134  stm32f10x_usart.o(.text)
    USART_Init                               0x08002037   Thumb Code   210  stm32f10x_usart.o(.text)
    USART_StructInit                         0x08002109   Thumb Code    24  stm32f10x_usart.o(.text)
    USART_ClockInit                          0x08002121   Thumb Code    34  stm32f10x_usart.o(.text)
    USART_ClockStructInit                    0x08002143   Thumb Code    12  stm32f10x_usart.o(.text)
    USART_Cmd                                0x0800214f   Thumb Code    24  stm32f10x_usart.o(.text)
    USART_ITConfig                           0x08002167   Thumb Code    74  stm32f10x_usart.o(.text)
    USART_DMACmd                             0x080021b1   Thumb Code    18  stm32f10x_usart.o(.text)
    USART_SetAddress                         0x080021c3   Thumb Code    18  stm32f10x_usart.o(.text)
    USART_WakeUpConfig                       0x080021d5   Thumb Code    18  stm32f10x_usart.o(.text)
    USART_ReceiverWakeUpCmd                  0x080021e7   Thumb Code    24  stm32f10x_usart.o(.text)
    USART_LINBreakDetectLengthConfig         0x080021ff   Thumb Code    18  stm32f10x_usart.o(.text)
    USART_LINCmd                             0x08002211   Thumb Code    24  stm32f10x_usart.o(.text)
    USART_SendData                           0x08002229   Thumb Code     8  stm32f10x_usart.o(.text)
    USART_ReceiveData                        0x08002231   Thumb Code    10  stm32f10x_usart.o(.text)
    USART_SendBreak                          0x0800223b   Thumb Code    10  stm32f10x_usart.o(.text)
    USART_SetGuardTime                       0x08002245   Thumb Code    16  stm32f10x_usart.o(.text)
    USART_SetPrescaler                       0x08002255   Thumb Code    16  stm32f10x_usart.o(.text)
    USART_SmartCardCmd                       0x08002265   Thumb Code    24  stm32f10x_usart.o(.text)
    USART_SmartCardNACKCmd                   0x0800227d   Thumb Code    24  stm32f10x_usart.o(.text)
    USART_HalfDuplexCmd                      0x08002295   Thumb Code    24  stm32f10x_usart.o(.text)
    USART_OverSampling8Cmd                   0x080022ad   Thumb Code    22  stm32f10x_usart.o(.text)
    USART_OneBitMethodCmd                    0x080022c3   Thumb Code    24  stm32f10x_usart.o(.text)
    USART_IrDAConfig                         0x080022db   Thumb Code    18  stm32f10x_usart.o(.text)
    USART_IrDACmd                            0x080022ed   Thumb Code    24  stm32f10x_usart.o(.text)
    USART_GetFlagStatus                      0x08002305   Thumb Code    26  stm32f10x_usart.o(.text)
    USART_ClearFlag                          0x0800231f   Thumb Code    18  stm32f10x_usart.o(.text)
    USART_GetITStatus                        0x08002331   Thumb Code    84  stm32f10x_usart.o(.text)
    USART_ClearITPendingBit                  0x08002385   Thumb Code    52  stm32f10x_usart.o(.text)
    Delay                                    0x080023b9   Thumb Code    18  main.o(.text)
    main                                     0x080023cb   Thumb Code   344  main.o(.text)
    NMI_Handler                              0x080025d5   Thumb Code     2  stm32f10x_it.o(.text)
    HardFault_Handler                        0x080025d7   Thumb Code     4  stm32f10x_it.o(.text)
    MemManage_Handler                        0x080025db   Thumb Code     4  stm32f10x_it.o(.text)
    BusFault_Handler                         0x080025df   Thumb Code     4  stm32f10x_it.o(.text)
    UsageFault_Handler                       0x080025e3   Thumb Code     4  stm32f10x_it.o(.text)
    SVC_Handler                              0x080025e7   Thumb Code     2  stm32f10x_it.o(.text)
    DebugMon_Handler                         0x080025e9   Thumb Code     2  stm32f10x_it.o(.text)
    PendSV_Handler                           0x080025eb   Thumb Code     2  stm32f10x_it.o(.text)
    SysTick_Handler                          0x080025ed   Thumb Code    18  stm32f10x_it.o(.text)
    EXTI0_IRQHandler                         0x080025ff   Thumb Code    22  stm32f10x_it.o(.text)
    TIM2_IRQHandler                          0x08002615   Thumb Code   112  stm32f10x_it.o(.text)
    USART1_Config                            0x080026a1   Thumb Code   114  bsp_usart1.o(.text)
    USART1_DMA_Config                        0x08002713   Thumb Code    78  bsp_usart1.o(.text)
    fputc                                    0x08002761   Thumb Code    32  bsp_usart1.o(.text)
    fgetc                                    0x08002781   Thumb Code    26  bsp_usart1.o(.text)
    SPI_FLASH_Init                           0x080027ad   Thumb Code   164  bsp_spi_adis.o(.text)
    SPI_FLASH_SendTwoByte                    0x08002851   Thumb Code    48  bsp_spi_adis.o(.text)
    SPI_FLASH_ReadDeviceID                   0x08002881   Thumb Code    42  bsp_spi_adis.o(.text)
    SPI_READ_DELTANG                         0x080028ab   Thumb Code   222  bsp_spi_adis.o(.text)
    CONVERT_DELTANG                          0x08002989   Thumb Code   132  bsp_spi_adis.o(.text)
    SPI_READ_GYRO                            0x08002a0d   Thumb Code   222  bsp_spi_adis.o(.text)
    CONVERT_GYRO                             0x08002aeb   Thumb Code   150  bsp_spi_adis.o(.text)
    SPI_READ_ACCL                            0x08002b81   Thumb Code   268  bsp_spi_adis.o(.text)
    CONVERT_ACCL                             0x08002c8d   Thumb Code   150  bsp_spi_adis.o(.text)
    SPI_READ_MAGN                            0x08002d23   Thumb Code   114  bsp_spi_adis.o(.text)
    CONVERT_MAGN                             0x08002d95   Thumb Code    96  bsp_spi_adis.o(.text)
    SPI_FLASH_ReadTwoByte                    0x08002df5   Thumb Code    12  bsp_spi_adis.o(.text)
    EXTI_PB0_Config                          0x08002e51   Thumb Code    72  bsp_exti.o(.text)
    EXTI_PA0_Config                          0x08002e99   Thumb Code    72  bsp_exti.o(.text)
    LED_GPIO_Config                          0x08002ee9   Thumb Code    64  bsp_led.o(.text)
    SysTick_Init                             0x08002f2d   Thumb Code   112  bsp_timbase.o(.text)
    Delay_us                                 0x08002f9d   Thumb Code    52  bsp_timbase.o(.text)
    Delay_ms                                 0x08002fd1   Thumb Code    18  bsp_timbase.o(.text)
    TIM2_NVIC_Configuration                  0x08002fe3   Thumb Code    40  bsp_timbase.o(.text)
    TIM2_Configuration                       0x0800300b   Thumb Code    76  bsp_timbase.o(.text)
    TIM3_HalfT_INIT                          0x08003057   Thumb Code    44  bsp_timbase.o(.text)
    TimeSpendStart                           0x08003083   Thumb Code    24  bsp_timbase.o(.text)
    TimeSpendEnd                             0x0800309b   Thumb Code    22  bsp_timbase.o(.text)
    init_quaternion                          0x080030cd   Thumb Code  1806  ahrs_attitude.o(.text)
    invSqrt                                  0x080037db   Thumb Code    72  ahrs_attitude.o(.text)
    MadgwickAHRSupdate                       0x08003823   Thumb Code  4158  ahrs_attitude.o(.text)
    Init_quaternion                          0x08004861   Thumb Code    24  ahrs_attitude.o(.text)
    AHRSupdate                               0x08004879   Thumb Code  2792  ahrs_attitude.o(.text)
    Get_Attitude                             0x08005361   Thumb Code   134  ahrs_attitude.o(.text)
    Read_Mag                                 0x080053e7   Thumb Code    74  ahrs_attitude.o(.text)
    get_compass_bias                         0x08005431   Thumb Code   140  ahrs_attitude.o(.text)
    compass_calibration                      0x080054bd   Thumb Code  1188  ahrs_attitude.o(.text)
    gyro_calibration                         0x08005961   Thumb Code    52  ahrs_attitude.o(.text)
    GET_NOWTIME                              0x08005995   Thumb Code    40  ahrs_attitude.o(.text)
    GetData                                  0x080059bd   Thumb Code   220  ahrs_attitude.o(.text)
    GetRawData                               0x08005a99   Thumb Code   622  ahrs_attitude.o(.text)
    __aeabi_fadd                             0x08005da9   Thumb Code   164  fadd.o(.text)
    __aeabi_fsub                             0x08005e4d   Thumb Code     6  fadd.o(.text)
    __aeabi_frsub                            0x08005e53   Thumb Code     6  fadd.o(.text)
    __aeabi_fmul                             0x08005e59   Thumb Code   108  fmul.o(.text)
    __aeabi_fdiv                             0x08005ec5   Thumb Code   128  fdiv.o(.text)
    __aeabi_dadd                             0x08005f45   Thumb Code   322  dadd.o(.text)
    __aeabi_dsub                             0x08006087   Thumb Code     6  dadd.o(.text)
    __aeabi_drsub                            0x0800608d   Thumb Code     6  dadd.o(.text)
    __aeabi_dmul                             0x08006093   Thumb Code   228  dmul.o(.text)
    __aeabi_ddiv                             0x08006177   Thumb Code   222  ddiv.o(.text)
    __aeabi_ui2f                             0x08006255   Thumb Code    10  ffltui.o(.text)
    __aeabi_i2d                              0x0800625f   Thumb Code    34  dflti.o(.text)
    __aeabi_f2d                              0x08006281   Thumb Code    38  f2d.o(.text)
    __aeabi_d2f                              0x080062a7   Thumb Code    56  d2f.o(.text)
    __aeabi_cfcmpeq                          0x080062e1   Thumb Code     0  cfcmple.o(.text)
    __aeabi_cfcmple                          0x080062e1   Thumb Code    20  cfcmple.o(.text)
    __aeabi_cfrcmple                         0x080062f5   Thumb Code    20  cfrcmple.o(.text)
    __aeabi_uidiv                            0x08006309   Thumb Code     0  uidiv.o(.text)
    __aeabi_uidivmod                         0x08006309   Thumb Code    44  uidiv.o(.text)
    __aeabi_uldivmod                         0x08006335   Thumb Code    98  uldiv.o(.text)
    __aeabi_llsl                             0x08006397   Thumb Code    30  llshl.o(.text)
    _ll_shift_l                              0x08006397   Thumb Code     0  llshl.o(.text)
    __aeabi_lasr                             0x080063b5   Thumb Code    36  llsshr.o(.text)
    _ll_sshift_r                             0x080063b5   Thumb Code     0  llsshr.o(.text)
    __I$use$fp                               0x080063d9   Thumb Code     0  iusefp.o(.text)
    _float_round                             0x080063d9   Thumb Code    18  fepilogue.o(.text)
    _float_epilogue                          0x080063eb   Thumb Code    90  fepilogue.o(.text)
    _fsqrt                                   0x08006445   Thumb Code    94  fsqrt.o(.text)
    _double_round                            0x080064a3   Thumb Code    26  depilogue.o(.text)
    _double_epilogue                         0x080064bd   Thumb Code   164  depilogue.o(.text)
    __ARM_scalbn                             0x08006561   Thumb Code    46  dscalb.o(.text)
    scalbn                                   0x08006561   Thumb Code     0  dscalb.o(.text)
    _dsqrt                                   0x0800658f   Thumb Code   162  dsqrt.o(.text)
    __aeabi_d2ulz                            0x08006631   Thumb Code    48  dfixul.o(.text)
    __aeabi_cdrcmple                         0x08006661   Thumb Code    38  cdrcmple.o(.text)
    __scatterload                            0x08006689   Thumb Code    28  init.o(.text)
    __scatterload_rt2                        0x08006689   Thumb Code     0  init.o(.text)
    __aeabi_llsr                             0x080066ad   Thumb Code    32  llushr.o(.text)
    _ll_ushift_r                             0x080066ad   Thumb Code     0  llushr.o(.text)
    __aeabi_ui2d                             0x080066cd   Thumb Code    26  dfltui.o(.text)
    __aeabi_d2iz                             0x080066e7   Thumb Code    62  dfixi.o(.text)
    __0printf                                0x08006725   Thumb Code    22  printfa.o(i.__0printf)
    __1printf                                0x08006725   Thumb Code     0  printfa.o(i.__0printf)
    __2printf                                0x08006725   Thumb Code     0  printfa.o(i.__0printf)
    __c89printf                              0x08006725   Thumb Code     0  printfa.o(i.__0printf)
    printf                                   0x08006725   Thumb Code     0  printfa.o(i.__0printf)
    __ARM_fpclassify                         0x08006745   Thumb Code    40  fpclassify.o(i.__ARM_fpclassify)
    __ieee754_rem_pio2                       0x0800676d   Thumb Code   832  rred.o(i.__ieee754_rem_pio2)
    __kernel_cos                             0x08006af5   Thumb Code   230  cos_i.o(i.__kernel_cos)
    __kernel_poly                            0x08006bf1   Thumb Code   170  poly.o(i.__kernel_poly)
    __kernel_sin                             0x08006c9d   Thumb Code   224  sin_i.o(i.__kernel_sin)
    __mathlib_dbl_underflow                  0x08006d89   Thumb Code    10  dunder.o(i.__mathlib_dbl_underflow)
    __scatterload_copy                       0x08006d99   Thumb Code    14  handlers.o(i.__scatterload_copy)
    __scatterload_null                       0x08006da7   Thumb Code     2  handlers.o(i.__scatterload_null)
    __scatterload_zeroinit                   0x08006da9   Thumb Code    14  handlers.o(i.__scatterload_zeroinit)
    __set_errno                              0x08006db9   Thumb Code     6  errno.o(i.__set_errno)
    asin                                     0x08007669   Thumb Code   584  asin.o(i.asin)
    atan                                     0x080078e5   Thumb Code   478  atan.o(i.atan)
    atan2                                    0x08007b09   Thumb Code   346  atan2.o(i.atan2)
    cos                                      0x08007c89   Thumb Code   164  cos.o(i.cos)
    sin                                      0x08007d35   Thumb Code   166  sin.o(i.sin)
    sqrt                                     0x08007de5   Thumb Code    76  sqrt.o(i.sqrt)
    sqrtf                                    0x08007e31   Thumb Code    44  sqrtf.o(i.sqrtf)
    __mathlib_zero                           0x08008060   Data           8  qnan.o(.constdata)
    Region$$Table$$Base                      0x08008158   Number         0  anon$$obj.o(Region$$Table)
    Region$$Table$$Limit                     0x08008178   Number         0  anon$$obj.o(Region$$Table)
    SystemCoreClock                          0x20000000   Data           4  system_stm32f10x.o(.data)
    AHBPrescTable                            0x20000004   Data          16  system_stm32f10x.o(.data)
    DeviceID                                 0x20000028   Data           4  main.o(.data)
    KEYDOWN                                  0x2000002c   Data           4  main.o(.data)
    Roll                                     0x20000030   Data           4  main.o(.data)
    Pitch                                    0x20000034   Data           4  main.o(.data)
    Yaw                                      0x20000038   Data           4  main.o(.data)
    i                                        0x2000003c   Data           4  main.o(.data)
    SystemCounter                            0x20000040   Data           4  stm32f10x_it.o(.data)
    SysTickCounter                           0x20000044   Data           4  stm32f10x_it.o(.data)
    Attitude_500Hz                           0x20000048   Data           1  stm32f10x_it.o(.data)
    Motor_200Hz                              0x20000049   Data           1  stm32f10x_it.o(.data)
    Com_10Hz                                 0x2000004a   Data           1  stm32f10x_it.o(.data)
    SystemInitReady                          0x2000004b   Data           1  stm32f10x_it.o(.data)
    TimeDelay                                0x20000054   Data           4  bsp_timbase.o(.data)
    exInt                                    0x20000058   Data           4  ahrs_attitude.o(.data)
    eyInt                                    0x2000005c   Data           4  ahrs_attitude.o(.data)
    ezInt                                    0x20000060   Data           4  ahrs_attitude.o(.data)
    maxMagX                                  0x20000064   Data           4  ahrs_attitude.o(.data)
    minMagX                                  0x20000068   Data           4  ahrs_attitude.o(.data)
    maxMagY                                  0x2000006c   Data           4  ahrs_attitude.o(.data)
    minMagY                                  0x20000070   Data           4  ahrs_attitude.o(.data)
    maxMagZ                                  0x20000074   Data           4  ahrs_attitude.o(.data)
    minMagZ                                  0x20000078   Data           4  ahrs_attitude.o(.data)
    MXgain                                   0x2000007c   Data           4  ahrs_attitude.o(.data)
    MYgain                                   0x20000080   Data           4  ahrs_attitude.o(.data)
    MZgain                                   0x20000084   Data           4  ahrs_attitude.o(.data)
    MXoffset                                 0x20000088   Data           4  ahrs_attitude.o(.data)
    MYoffset                                 0x2000008c   Data           4  ahrs_attitude.o(.data)
    MZoffset                                 0x20000090   Data           4  ahrs_attitude.o(.data)
    beta                                     0x20000094   Data           4  ahrs_attitude.o(.data)
    p                                        0x2000009c   Data           4  ahrs_attitude.o(.data)
    TRUEVALUE                                0x200000a0   Data           4  ahrs_attitude.o(.data)
    q0                                       0x200000a4   Data           4  ahrs_attitude.o(.data)
    q1                                       0x200000a8   Data           4  ahrs_attitude.o(.data)
    q2                                       0x200000ac   Data           4  ahrs_attitude.o(.data)
    q3                                       0x200000b0   Data           4  ahrs_attitude.o(.data)
    halfT                                    0x200000b4   Data           4  ahrs_attitude.o(.data)
    init_ax                                  0x200000b8   Data           4  ahrs_attitude.o(.data)
    init_ay                                  0x200000bc   Data           4  ahrs_attitude.o(.data)
    init_az                                  0x200000c0   Data           4  ahrs_attitude.o(.data)
    init_gx                                  0x200000c4   Data           4  ahrs_attitude.o(.data)
    init_gy                                  0x200000c8   Data           4  ahrs_attitude.o(.data)
    init_gz                                  0x200000cc   Data           4  ahrs_attitude.o(.data)
    init_mx                                  0x200000d0   Data           4  ahrs_attitude.o(.data)
    init_my                                  0x200000d4   Data           4  ahrs_attitude.o(.data)
    init_mz                                  0x200000d8   Data           4  ahrs_attitude.o(.data)
    Gyro_Xout_Offset                         0x200000dc   Data           4  ahrs_attitude.o(.data)
    Gyro_Yout_Offset                         0x200000e0   Data           4  ahrs_attitude.o(.data)
    Gyro_Zout_Offset                         0x200000e4   Data           4  ahrs_attitude.o(.data)
    __stdout                                 0x200000e8   Data           4  stdout.o(.data)
    SendBuff                                 0x200000f0   Data        5000  bsp_usart1.o(.bss)
    DELTANG                                  0x200014cc   Data          12  ahrs_attitude.o(.bss)
    accel                                    0x200014d8   Data          12  ahrs_attitude.o(.bss)
    mag                                      0x200014e4   Data          12  ahrs_attitude.o(.bss)
    gyro                                     0x200014f0   Data          12  ahrs_attitude.o(.bss)
    __initial_sp                             0x20001900   Data           0  startup_stm32f10x_hd.o(STACK)



==============================================================================

Memory Map of the image

  Image Entry point : 0x08000131

  Load Region LR_IROM1 (Base: 0x08000000, Size: 0x00008268, Max: 0x00080000, ABSOLUTE)

    Execution Region ER_IROM1 (Base: 0x08000000, Size: 0x00008178, Max: 0x00080000, ABSOLUTE)

    Base Addr    Size         Type   Attr      Idx    E Section Name        Object

    0x08000000   0x00000130   Data   RO            3    RESET               startup_stm32f10x_hd.o
    0x08000130   0x00000000   Code   RO          684  * .ARM.Collect$$$$00000000  mc_w.l(entry.o)
    0x08000130   0x00000004   Code   RO         1003    .ARM.Collect$$$$00000001  mc_w.l(entry2.o)
    0x08000134   0x00000004   Code   RO         1006    .ARM.Collect$$$$00000004  mc_w.l(entry5.o)
    0x08000138   0x00000000   Code   RO         1008    .ARM.Collect$$$$00000008  mc_w.l(entry7b.o)
    0x08000138   0x00000000   Code   RO         1010    .ARM.Collect$$$$0000000A  mc_w.l(entry8b.o)
    0x08000138   0x00000008   Code   RO         1011    .ARM.Collect$$$$0000000B  mc_w.l(entry9a.o)
    0x08000140   0x00000000   Code   RO         1013    .ARM.Collect$$$$0000000D  mc_w.l(entry10a.o)
    0x08000140   0x00000000   Code   RO         1015    .ARM.Collect$$$$0000000F  mc_w.l(entry11a.o)
    0x08000140   0x00000004   Code   RO         1004    .ARM.Collect$$$$00002712  mc_w.l(entry2.o)
    0x08000144   0x00000024   Code   RO            4    .text               startup_stm32f10x_hd.o
    0x08000168   0x000001dc   Code   RO           24    .text               system_stm32f10x.o
    0x08000344   0x000000dc   Code   RO           76    .text               misc.o
    0x08000420   0x00000250   Code   RO          197    .text               stm32f10x_dma.o
    0x08000670   0x0000011c   Code   RO          209    .text               stm32f10x_exti.o
    0x0800078c   0x00000358   Code   RO          251    .text               stm32f10x_gpio.o
    0x08000ae4   0x000003a4   Code   RO          308    .text               stm32f10x_rcc.o
    0x08000e88   0x0000030c   Code   RO          352    .text               stm32f10x_spi.o
    0x08001194   0x00000e1a   Code   RO          364    .text               stm32f10x_tim.o
    0x08001fae   0x00000002   PAD
    0x08001fb0   0x00000408   Code   RO          376    .text               stm32f10x_usart.o
    0x080023b8   0x0000021c   Code   RO          403    .text               main.o
    0x080025d4   0x000000cc   Code   RO          484    .text               stm32f10x_it.o
    0x080026a0   0x0000010c   Code   RO          506    .text               bsp_usart1.o
    0x080027ac   0x0000067c   Code   RO          524    .text               bsp_spi_adis.o
    0x08002e28   0x000000c0   Code   RO          541    .text               bsp_exti.o
    0x08002ee8   0x00000044   Code   RO          556    .text               bsp_led.o
    0x08002f2c   0x000001a0   Code   RO          571    .text               bsp_timbase.o
    0x080030cc   0x00002cdc   Code   RO          597    .text               ahrs_attitude.o
    0x08005da8   0x000000b0   Code   RO          948    .text               mf_w.l(fadd.o)
    0x08005e58   0x0000006c   Code   RO          950    .text               mf_w.l(fmul.o)
    0x08005ec4   0x00000080   Code   RO          952    .text               mf_w.l(fdiv.o)
    0x08005f44   0x0000014e   Code   RO          954    .text               mf_w.l(dadd.o)
    0x08006092   0x000000e4   Code   RO          956    .text               mf_w.l(dmul.o)
    0x08006176   0x000000de   Code   RO          958    .text               mf_w.l(ddiv.o)
    0x08006254   0x0000000a   Code   RO          960    .text               mf_w.l(ffltui.o)
    0x0800625e   0x00000022   Code   RO          962    .text               mf_w.l(dflti.o)
    0x08006280   0x00000026   Code   RO          964    .text               mf_w.l(f2d.o)
    0x080062a6   0x00000038   Code   RO          966    .text               mf_w.l(d2f.o)
    0x080062de   0x00000002   PAD
    0x080062e0   0x00000014   Code   RO          968    .text               mf_w.l(cfcmple.o)
    0x080062f4   0x00000014   Code   RO          970    .text               mf_w.l(cfrcmple.o)
    0x08006308   0x0000002c   Code   RO         1018    .text               mc_w.l(uidiv.o)
    0x08006334   0x00000062   Code   RO         1020    .text               mc_w.l(uldiv.o)
    0x08006396   0x0000001e   Code   RO         1022    .text               mc_w.l(llshl.o)
    0x080063b4   0x00000024   Code   RO         1024    .text               mc_w.l(llsshr.o)
    0x080063d8   0x00000000   Code   RO         1033    .text               mc_w.l(iusefp.o)
    0x080063d8   0x0000006c   Code   RO         1034    .text               mf_w.l(fepilogue.o)
    0x08006444   0x0000005e   Code   RO         1036    .text               mf_w.l(fsqrt.o)
    0x080064a2   0x000000be   Code   RO         1038    .text               mf_w.l(depilogue.o)
    0x08006560   0x0000002e   Code   RO         1040    .text               mf_w.l(dscalb.o)
    0x0800658e   0x000000a2   Code   RO         1042    .text               mf_w.l(dsqrt.o)
    0x08006630   0x00000030   Code   RO         1044    .text               mf_w.l(dfixul.o)
    0x08006660   0x00000028   Code   RO         1048    .text               mf_w.l(cdrcmple.o)
    0x08006688   0x00000024   Code   RO         1050    .text               mc_w.l(init.o)
    0x080066ac   0x00000020   Code   RO         1052    .text               mc_w.l(llushr.o)
    0x080066cc   0x0000001a   Code   RO         1054    .text               mf_w.l(dfltui.o)
    0x080066e6   0x0000003e   Code   RO         1056    .text               mf_w.l(dfixi.o)
    0x08006724   0x00000020   Code   RO          920    i.__0printf         mc_w.l(printfa.o)
    0x08006744   0x00000028   Code   RO          987    i.__ARM_fpclassify  m_ws.l(fpclassify.o)
    0x0800676c   0x00000388   Code   RO          992    i.__ieee754_rem_pio2  m_ws.l(rred.o)
    0x08006af4   0x000000fc   Code   RO          982    i.__kernel_cos      m_ws.l(cos_i.o)
    0x08006bf0   0x000000aa   Code   RO          989    i.__kernel_poly     m_ws.l(poly.o)
    0x08006c9a   0x00000002   PAD
    0x08006c9c   0x000000ec   Code   RO          997    i.__kernel_sin      m_ws.l(sin_i.o)
    0x08006d88   0x00000010   Code   RO          985    i.__mathlib_dbl_underflow  m_ws.l(dunder.o)
    0x08006d98   0x0000000e   Code   RO         1060    i.__scatterload_copy  mc_w.l(handlers.o)
    0x08006da6   0x00000002   Code   RO         1061    i.__scatterload_null  mc_w.l(handlers.o)
    0x08006da8   0x0000000e   Code   RO         1062    i.__scatterload_zeroinit  mc_w.l(handlers.o)
    0x08006db6   0x00000002   PAD
    0x08006db8   0x0000000c   Code   RO         1028    i.__set_errno       mc_w.l(errno.o)
    0x08006dc4   0x0000015c   Code   RO          927    i._fp_digits        mc_w.l(printfa.o)
    0x08006f20   0x000006f0   Code   RO          928    i._printf_core      mc_w.l(printfa.o)
    0x08007610   0x00000026   Code   RO          929    i._printf_post_padding  mc_w.l(printfa.o)
    0x08007636   0x00000030   Code   RO          930    i._printf_pre_padding  mc_w.l(printfa.o)
    0x08007666   0x00000002   PAD
    0x08007668   0x0000027c   Code   RO          635    i.asin              m_ws.l(asin.o)
    0x080078e4   0x00000224   Code   RO          973    i.atan              m_ws.l(atan.o)
    0x08007b08   0x00000180   Code   RO          645    i.atan2             m_ws.l(atan2.o)
    0x08007c88   0x000000ac   Code   RO          653    i.cos               m_ws.l(cos.o)
    0x08007d34   0x000000b0   Code   RO          661    i.sin               m_ws.l(sin.o)
    0x08007de4   0x0000004c   Code   RO          669    i.sqrt              m_ws.l(sqrt.o)
    0x08007e30   0x0000002c   Code   RO          677    i.sqrtf             m_ws.l(sqrtf.o)
    0x08007e5c   0x00000042   Data   RO          404    .constdata          main.o
    0x08007e9e   0x00000002   PAD
    0x08007ea0   0x000000a4   Data   RO          599    .constdata          ahrs_attitude.o
    0x08007f44   0x00000004   PAD
    0x08007f48   0x00000050   Data   RO          636    .constdata          m_ws.l(asin.o)
    0x08007f98   0x00000098   Data   RO          974    .constdata          m_ws.l(atan.o)
    0x08008030   0x00000030   Data   RO          983    .constdata          m_ws.l(cos_i.o)
    0x08008060   0x00000008   Data   RO          991    .constdata          m_ws.l(qnan.o)
    0x08008068   0x000000c8   Data   RO          994    .constdata          m_ws.l(rred.o)
    0x08008130   0x00000028   Data   RO          998    .constdata          m_ws.l(sin_i.o)
    0x08008158   0x00000020   Data   RO         1058    Region$$Table       anon$$obj.o


    Execution Region RW_IRAM1 (Base: 0x20000000, Size: 0x00001900, Max: 0x00010000, ABSOLUTE)

    Base Addr    Size         Type   Attr      Idx    E Section Name        Object

    0x20000000   0x00000014   Data   RW           25    .data               system_stm32f10x.o
    0x20000014   0x00000014   Data   RW          309    .data               stm32f10x_rcc.o
    0x20000028   0x00000018   Data   RW          405    .data               main.o
    0x20000040   0x0000000c   Data   RW          485    .data               stm32f10x_it.o
    0x2000004c   0x00000006   Data   RW          526    .data               bsp_spi_adis.o
    0x20000052   0x00000002   PAD
    0x20000054   0x00000004   Data   RW          572    .data               bsp_timbase.o
    0x20000058   0x00000090   Data   RW          600    .data               ahrs_attitude.o
    0x200000e8   0x00000004   Data   RW         1017    .data               mc_w.l(stdout.o)
    0x200000ec   0x00000004   Data   RW         1029    .data               mc_w.l(errno.o)
    0x200000f0   0x00001388   Zero   RW          507    .bss                bsp_usart1.o
    0x20001478   0x00000054   Zero   RW          525    .bss                bsp_spi_adis.o
    0x200014cc   0x00000030   Zero   RW          598    .bss                ahrs_attitude.o
    0x200014fc   0x00000004   PAD
    0x20001500   0x00000400   Zero   RW            1    STACK               startup_stm32f10x_hd.o


==============================================================================

Image component sizes


      Code (inc. data)   RO Data    RW Data    ZI Data      Debug   Object Name

     11484        732        164        144         48       8037   ahrs_attitude.o
       192          8          0          0          0        910   bsp_exti.o
        68          4          0          0          0        494   bsp_led.o
      1660         84          0          6         84       4194   bsp_spi_adis.o
       416         28          0          4          0      17535   bsp_timbase.o
       268         18          0          0       5000       1697   bsp_usart1.o
         0          0          0          0          0       4224   core_cm3.o
       540        178         66         24          0       3228   main.o
       220         20          0          0          0       1765   misc.o
        36          8        304          0       1024        828   startup_stm32f10x_hd.o
       592          8          0          0          0       4294   stm32f10x_dma.o
       284         10          0          0          0       2199   stm32f10x_exti.o
       856         40          0          0          0       5609   stm32f10x_gpio.o
       204         28          0         12          0       2070   stm32f10x_it.o
       932         44          0         20          0       8760   stm32f10x_rcc.o
       780         14          0          0          0       6494   stm32f10x_spi.o
      3610         88          0          0          0      22096   stm32f10x_tim.o
      1032         22          0          0          0       8336   stm32f10x_usart.o
       476         36          0         20          0     268967   system_stm32f10x.o

    ----------------------------------------------------------------------
     23652       1370        572        232       6160     371737   Object Totals
         0          0         32          0          0          0   (incl. Generated)
         2          0          6          2          4          0   (incl. Padding)

    ----------------------------------------------------------------------

      Code (inc. data)   RO Data    RW Data    ZI Data      Debug   Library Member Name

       636         52         80          0          0        168   asin.o
       548         70        152          0          0        124   atan.o
       384         38          0          0          0        144   atan2.o
       172          8          0          0          0        112   cos.o
       252         22         48          0          0        124   cos_i.o
        16          6          0          0          0         68   dunder.o
        40          0          0          0          0         68   fpclassify.o
       170          0          0          0          0         96   poly.o
         0          0          8          0          0          0   qnan.o
       904         72        200          0          0        140   rred.o
       176         10          0          0          0        116   sin.o
       236         12         40          0          0        128   sin_i.o
        76          0          0          0          0         84   sqrt.o
        44          0          0          0          0         80   sqrtf.o
         0          0          0          0          0          0   entry.o
         0          0          0          0          0          0   entry10a.o
         0          0          0          0          0          0   entry11a.o
         8          4          0          0          0          0   entry2.o
         4          0          0          0          0          0   entry5.o
         0          0          0          0          0          0   entry7b.o
         0          0          0          0          0          0   entry8b.o
         8          4          0          0          0          0   entry9a.o
        12          6          0          4          0         68   errno.o
        30          0          0          0          0          0   handlers.o
        36          8          0          0          0         68   init.o
         0          0          0          0          0          0   iusefp.o
        30          0          0          0          0         68   llshl.o
        36          0          0          0          0         68   llsshr.o
        32          0          0          0          0         68   llushr.o
      2242         90          0          0          0        444   printfa.o
         0          0          0          4          0          0   stdout.o
        44          0          0          0          0         80   uidiv.o
        98          0          0          0          0         92   uldiv.o
        40          2          0          0          0         68   cdrcmple.o
        20          0          0          0          0         68   cfcmple.o
        20          0          0          0          0         68   cfrcmple.o
        56          0          0          0          0         88   d2f.o
       334          0          0          0          0        148   dadd.o
       222          0          0          0          0        100   ddiv.o
       190          0          0          0          0        176   depilogue.o
        62          0          0          0          0         80   dfixi.o
        48          0          0          0          0         68   dfixul.o
        34          0          0          0          0         76   dflti.o
        26          0          0          0          0         76   dfltui.o
       228          0          0          0          0         96   dmul.o
        46          0          0          0          0         80   dscalb.o
       162          0          0          0          0        100   dsqrt.o
        38          0          0          0          0         68   f2d.o
       176          0          0          0          0        140   fadd.o
       128          0          0          0          0         88   fdiv.o
       108          0          0          0          0        168   fepilogue.o
        10          0          0          0          0         68   ffltui.o
       108          0          0          0          0         76   fmul.o
        94          0          0          0          0         96   fsqrt.o

    ----------------------------------------------------------------------
      8392        404        528          8          0       4404   Library Totals
         8          0          0          0          0          0   (incl. Padding)

    ----------------------------------------------------------------------

      Code (inc. data)   RO Data    RW Data    ZI Data      Debug   Library Name

      3654        290        528          0          0       1452   m_ws.l
      2580        112          0          8          0        956   mc_w.l
      2150          2          0          0          0       1996   mf_w.l

    ----------------------------------------------------------------------
      8392        404        528          8          0       4404   Library Totals

    ----------------------------------------------------------------------

==============================================================================


      Code (inc. data)   RO Data    RW Data    ZI Data      Debug   

     32044       1774       1100        240       6160     372137   Grand Totals
     32044       1774       1100        240       6160     372137   ELF Image Totals
     32044       1774       1100        240          0          0   ROM Totals

==============================================================================

    Total RO  Size (Code + RO Data)                33144 (  32.37kB)
    Total RW  Size (RW Data + ZI Data)              6400 (   6.25kB)
    Total ROM Size (Code + RO Data + RW Data)      33384 (  32.60kB)

==============================================================================

